Archive member included to satisfy reference by file (symbol)

C:/Users/wnwnd/AppData/Local/stm32cube/bundles/gnu-tools-for-stm32/14.3.1+st.2/bin/../lib/gcc/arm-none-eabi/14.3.1/../../../../arm-none-eabi/lib/thumb/v7-m/nofp\libc.a(libc_a-exit.o)
                              C:/Users/wnwnd/AppData/Local/stm32cube/bundles/gnu-tools-for-stm32/14.3.1+st.2/bin/../lib/gcc/arm-none-eabi/14.3.1/../../../../arm-none-eabi/lib/thumb/v7-m/nofp/crt0.o (exit)
C:/Users/wnwnd/AppData/Local/stm32cube/bundles/gnu-tools-for-stm32/14.3.1+st.2/bin/../lib/gcc/arm-none-eabi/14.3.1/../../../../arm-none-eabi/lib/thumb/v7-m/nofp\libc.a(libc_a-findfp.o)
                              C:/Users/wnwnd/AppData/Local/stm32cube/bundles/gnu-tools-for-stm32/14.3.1+st.2/bin/../lib/gcc/arm-none-eabi/14.3.1/../../../../arm-none-eabi/lib/thumb/v7-m/nofp\libc.a(libc_a-exit.o) (__stdio_exit_handler)
C:/Users/wnwnd/AppData/Local/stm32cube/bundles/gnu-tools-for-stm32/14.3.1+st.2/bin/../lib/gcc/arm-none-eabi/14.3.1/../../../../arm-none-eabi/lib/thumb/v7-m/nofp\libc.a(libc_a-fwalk.o)
                              C:/Users/wnwnd/AppData/Local/stm32cube/bundles/gnu-tools-for-stm32/14.3.1+st.2/bin/../lib/gcc/arm-none-eabi/14.3.1/../../../../arm-none-eabi/lib/thumb/v7-m/nofp\libc.a(libc_a-findfp.o) (_fwalk_sglue)
C:/Users/wnwnd/AppData/Local/stm32cube/bundles/gnu-tools-for-stm32/14.3.1+st.2/bin/../lib/gcc/arm-none-eabi/14.3.1/../../../../arm-none-eabi/lib/thumb/v7-m/nofp\libc.a(libc_a-stdio.o)
                              C:/Users/wnwnd/AppData/Local/stm32cube/bundles/gnu-tools-for-stm32/14.3.1+st.2/bin/../lib/gcc/arm-none-eabi/14.3.1/../../../../arm-none-eabi/lib/thumb/v7-m/nofp\libc.a(libc_a-findfp.o) (__sread)
C:/Users/wnwnd/AppData/Local/stm32cube/bundles/gnu-tools-for-stm32/14.3.1+st.2/bin/../lib/gcc/arm-none-eabi/14.3.1/../../../../arm-none-eabi/lib/thumb/v7-m/nofp\libc.a(libc_a-memset.o)
                              C:/Users/wnwnd/AppData/Local/stm32cube/bundles/gnu-tools-for-stm32/14.3.1+st.2/bin/../lib/gcc/arm-none-eabi/14.3.1/../../../../arm-none-eabi/lib/thumb/v7-m/nofp/crt0.o (memset)
C:/Users/wnwnd/AppData/Local/stm32cube/bundles/gnu-tools-for-stm32/14.3.1+st.2/bin/../lib/gcc/arm-none-eabi/14.3.1/../../../../arm-none-eabi/lib/thumb/v7-m/nofp\libc.a(libc_a-closer.o)
                              C:/Users/wnwnd/AppData/Local/stm32cube/bundles/gnu-tools-for-stm32/14.3.1+st.2/bin/../lib/gcc/arm-none-eabi/14.3.1/../../../../arm-none-eabi/lib/thumb/v7-m/nofp\libc.a(libc_a-stdio.o) (_close_r)
C:/Users/wnwnd/AppData/Local/stm32cube/bundles/gnu-tools-for-stm32/14.3.1+st.2/bin/../lib/gcc/arm-none-eabi/14.3.1/../../../../arm-none-eabi/lib/thumb/v7-m/nofp\libc.a(libc_a-reent.o)
                              C:/Users/wnwnd/AppData/Local/stm32cube/bundles/gnu-tools-for-stm32/14.3.1+st.2/bin/../lib/gcc/arm-none-eabi/14.3.1/../../../../arm-none-eabi/lib/thumb/v7-m/nofp\libc.a(libc_a-closer.o) (errno)
C:/Users/wnwnd/AppData/Local/stm32cube/bundles/gnu-tools-for-stm32/14.3.1+st.2/bin/../lib/gcc/arm-none-eabi/14.3.1/../../../../arm-none-eabi/lib/thumb/v7-m/nofp\libc.a(libc_a-impure.o)
                              C:/Users/wnwnd/AppData/Local/stm32cube/bundles/gnu-tools-for-stm32/14.3.1+st.2/bin/../lib/gcc/arm-none-eabi/14.3.1/../../../../arm-none-eabi/lib/thumb/v7-m/nofp\libc.a(libc_a-reent.o) (_impure_ptr)
C:/Users/wnwnd/AppData/Local/stm32cube/bundles/gnu-tools-for-stm32/14.3.1+st.2/bin/../lib/gcc/arm-none-eabi/14.3.1/../../../../arm-none-eabi/lib/thumb/v7-m/nofp\libc.a(libc_a-lseekr.o)
                              C:/Users/wnwnd/AppData/Local/stm32cube/bundles/gnu-tools-for-stm32/14.3.1+st.2/bin/../lib/gcc/arm-none-eabi/14.3.1/../../../../arm-none-eabi/lib/thumb/v7-m/nofp\libc.a(libc_a-stdio.o) (_lseek_r)
C:/Users/wnwnd/AppData/Local/stm32cube/bundles/gnu-tools-for-stm32/14.3.1+st.2/bin/../lib/gcc/arm-none-eabi/14.3.1/../../../../arm-none-eabi/lib/thumb/v7-m/nofp\libc.a(libc_a-readr.o)
                              C:/Users/wnwnd/AppData/Local/stm32cube/bundles/gnu-tools-for-stm32/14.3.1+st.2/bin/../lib/gcc/arm-none-eabi/14.3.1/../../../../arm-none-eabi/lib/thumb/v7-m/nofp\libc.a(libc_a-stdio.o) (_read_r)
C:/Users/wnwnd/AppData/Local/stm32cube/bundles/gnu-tools-for-stm32/14.3.1+st.2/bin/../lib/gcc/arm-none-eabi/14.3.1/../../../../arm-none-eabi/lib/thumb/v7-m/nofp\libc.a(libc_a-writer.o)
                              C:/Users/wnwnd/AppData/Local/stm32cube/bundles/gnu-tools-for-stm32/14.3.1+st.2/bin/../lib/gcc/arm-none-eabi/14.3.1/../../../../arm-none-eabi/lib/thumb/v7-m/nofp\libc.a(libc_a-stdio.o) (_write_r)
C:/Users/wnwnd/AppData/Local/stm32cube/bundles/gnu-tools-for-stm32/14.3.1+st.2/bin/../lib/gcc/arm-none-eabi/14.3.1/../../../../arm-none-eabi/lib/thumb/v7-m/nofp\libc.a(libc_a-init.o)
                              C:/Users/wnwnd/AppData/Local/stm32cube/bundles/gnu-tools-for-stm32/14.3.1+st.2/bin/../lib/gcc/arm-none-eabi/14.3.1/../../../../arm-none-eabi/lib/thumb/v7-m/nofp/crt0.o (__libc_init_array)
[...]
Memory Configuration

Name             Origin             Length             Attributes
RAM              0x20000000         0x00005000         xrw
FLASH            0x08000000         0x00020000         xr
*default*        0x00000000         0xffffffff

Linker script and memory map

LOAD C:/Users/wnwnd/AppData/Local/stm32cube/bundles/gnu-tools-for-stm32/14.3.1+st.2/bin/../lib/gcc/arm-none-eabi/14.3.1/thumb/v7-m/nofp/crti.o
LOAD C:/Users/wnwnd/AppData/Local/stm32cube/bundles/gnu-tools-for-stm32/14.3.1+st.2/bin/../lib/gcc/arm-none-eabi/14.3.1/thumb/v7-m/nofp/crtbegin.o
LOAD C:/Users/wnwnd/AppData/Local/stm32cube/bundles/gnu-tools-for-stm32/14.3.1+st.2/bin/../lib/gcc/arm-none-eabi/14.3.1/../../../../arm-none-eabi/lib/thumb/v7-m/nofp/crt0.o
START GROUP
LOAD C:/Users/wnwnd/AppData/Local/stm32cube/bundles/gnu-tools-for-stm32/14.3.1+st.2/bin/../lib/gcc/arm-none-eabi/14.3.1/../../../../arm-none-eabi/lib/thumb/v7-m/nofp\libc.a
LOAD C:/Users/wnwnd/AppData/Local/stm32cube/bundles/gnu-tools-for-stm32/14.3.1+st.2/bin/../lib/gcc/arm-none-eabi/14.3.1/../../../../arm-none-eabi/lib/thumb/v7-m/nofp\libm.a
LOAD C:/Users/wnwnd/AppData/Local/stm32cube/bundles/gnu-tools-for-stm32/14.3.1+st.2/bin/../lib/gcc/arm-none-eabi/14.3.1/../../../../arm-none-eabi/lib/thumb/v7-m/nofp\libstdc++.a
LOAD C:/Users/wnwnd/AppData/Local/stm32cube/bundles/gnu-tools-for-stm32/14.3.1+st.2/bin/../lib/gcc/arm-none-eabi/14.3.1/../../../../arm-none-eabi/lib/thumb/v7-m/nofp\libsupc++.a
END GROUP
LOAD CMakeFiles/detectionsystem_test_.dir/Src/main.c.obj
LOAD CMakeFiles/detectionsystem_test_.dir/Src/syscall.c.obj
LOAD CMakeFiles/detectionsystem_test_.dir/Src/sysmem.c.obj
LOAD CMakeFiles/detectionsystem_test_.dir/Src/startup_stm32f103xx.S.obj
START GROUP
LOAD C:/Users/wnwnd/AppData/Local/stm32cube/bundles/gnu-tools-for-stm32/14.3.1+st.2/bin/../lib/gcc/arm-none-eabi/14.3.1/thumb/v7-m/nofp\libgcc.a
LOAD C:/Users/wnwnd/AppData/Local/stm32cube/bundles/gnu-tools-for-stm32/14.3.1+st.2/bin/../lib/gcc/arm-none-eabi/14.3.1/../../../../arm-none-eabi/lib/thumb/v7-m/nofp\libg.a
LOAD C:/Users/wnwnd/AppData/Local/stm32cube/bundles/gnu-tools-for-stm32/14.3.1+st.2/bin/../lib/gcc/arm-none-eabi/14.3.1/../../../../arm-none-eabi/lib/thumb/v7-m/nofp\libc.a
END GROUP
START GROUP
LOAD C:/Users/wnwnd/AppData/Local/stm32cube/bundles/gnu-tools-for-stm32/14.3.1+st.2/bin/../lib/gcc/arm-none-eabi/14.3.1/thumb/v7-m/nofp\libgcc.a
LOAD C:/Users/wnwnd/AppData/Local/stm32cube/bundles/gnu-tools-for-stm32/14.3.1+st.2/bin/../lib/gcc/arm-none-eabi/14.3.1/../../../../arm-none-eabi/lib/thumb/v7-m/nofp\libc.a
LOAD C:/Users/wnwnd/AppData/Local/stm32cube/bundles/gnu-tools-for-stm32/14.3.1+st.2/bin/../lib/gcc/arm-none-eabi/14.3.1/../../../../arm-none-eabi/lib/thumb/v7-m/nofp\libnosys.a
END GROUP
LOAD C:/Users/wnwnd/AppData/Local/stm32cube/bundles/gnu-tools-for-stm32/14.3.1+st.2/bin/../lib/gcc/arm-none-eabi/14.3.1/thumb/v7-m/nofp/crtend.o
LOAD C:/Users/wnwnd/AppData/Local/stm32cube/bundles/gnu-tools-for-stm32/14.3.1+st.2/bin/../lib/gcc/arm-none-eabi/14.3.1/thumb/v7-m/nofp/crtn.o
                0x20005000                        _estack = (ORIGIN (RAM) + LENGTH (RAM))
                0x00000200                        _Min_Heap_Size = 0x200
                0x00000400                        _Min_Stack_Size = 0x400

.isr_vector     0x08000000      0x130
                0x08000000                        . = ALIGN (0x4)
 *(.isr_vector)
 .isr_vector    0x08000000      0x130 CMakeFiles/detectionsystem_test_.dir/Src/startup_stm32f103xx.S.obj
                0x08000000                g_pfnVectors
                0x08000130                        . = ALIGN (0x4)

.text           0x08000130     0x15b4
                0x08000130                        . = ALIGN (0x4)
 *(.text)
 .text          0x08000130       0x40 C:/Users/wnwnd/AppData/Local/stm32cube/bundles/gnu-tools-for-stm32/14.3.1+st.2/bin/../lib/gcc/arm-none-eabi/14.3.1/thumb/v7-m/nofp/crtbegin.o
 *(.text*)
 .text.__libc_init_array
                0x08000170       0x50 C:/Users/wnwnd/AppData/Local/stm32cube/bundles/gnu-tools-for-stm32/14.3.1+st.2/bin/../lib/gcc/arm-none-eabi/14.3.1/../../../../arm-none-eabi/lib/thumb/v7-m/nofp\libc.a(libc_a-init.o)
                0x08000170                __libc_init_array
 .text.__retarget_lock_acquire_recursive
                0x080001c0        0x4 C:/Users/wnwnd/AppData/Local/stm32cube/bundles/gnu-tools-for-stm32/14.3.1+st.2/bin/../lib/gcc/arm-none-eabi/14.3.1/../../../../arm-none-eabi/lib/thumb/v7-m/nofp\libc.a(libc_a-lock.o)
                0x080001c0                __retarget_lock_acquire_recursive
 .text.__retarget_lock_release_recursive
                0x080001c4        0x4 C:/Users/wnwnd/AppData/Local/stm32cube/bundles/gnu-tools-for-stm32/14.3.1+st.2/bin/../lib/gcc/arm-none-eabi/14.3.1/../../../../arm-none-eabi/lib/thumb/v7-m/nofp\libc.a(libc_a-lock.o)
                0x080001c4                __retarget_lock_release_recursive
 .text.startup.register_fini
                0x080001c8       0x14 C:/Users/wnwnd/AppData/Local/stm32cube/bundles/gnu-tools-for-stm32/14.3.1+st.2/bin/../lib/gcc/arm-none-eabi/14.3.1/../../../../arm-none-eabi/lib/thumb/v7-m/nofp\libc.a(libc_a-__call_atexit.o)
 .text.atexit   0x080001dc        0xc C:/Users/wnwnd/AppData/Local/stm32cube/bundles/gnu-tools-for-stm32/14.3.1+st.2/bin/../lib/gcc/arm-none-eabi/14.3.1/../../../../arm-none-eabi/lib/thumb/v7-m/nofp\libc.a(libc_a-atexit.o)
                0x080001dc                atexit
 .text.__libc_fini_array
                0x080001e8       0x28 C:/Users/wnwnd/AppData/Local/stm32cube/bundles/gnu-tools-for-stm32/14.3.1+st.2/bin/../lib/gcc/arm-none-eabi/14.3.1/../../../../arm-none-eabi/lib/thumb/v7-m/nofp\libc.a(libc_a-fini.o)
                0x080001e8                __libc_fini_array
 .text.__register_exitproc
                0x08000210       0x80 C:/Users/wnwnd/AppData/Local/stm32cube/bundles/gnu-tools-for-stm32/14.3.1+st.2/bin/../lib/gcc/arm-none-eabi/14.3.1/../../../../arm-none-eabi/lib/thumb/v7-m/nofp\libc.a(libc_a-__atexit.o)
                0x08000210                __register_exitproc
 .text.SystemInit
                0x08000290        0xc CMakeFiles/detectionsystem_test_.dir/Src/main.c.obj
                0x08000290                SystemInit
 .text.timer_wait_ms
                0x0800029c       0x30 CMakeFiles/detectionsystem_test_.dir/Src/main.c.obj
 .text.median_filter_update
                0x080002cc      0x12e CMakeFiles/detectionsystem_test_.dir/Src/main.c.obj
 *fill*         0x080003fa        0x2 
 .text.calculate_risk_percent
                0x080003fc       0x58 CMakeFiles/detectionsystem_test_.dir/Src/main.c.obj
 .text.usart2_init
                0x08000454       0x64 CMakeFiles/detectionsystem_test_.dir/Src/main.c.obj
 .text.usart2_next_tx_index
                0x080004b8       0x24 CMakeFiles/detectionsystem_test_.dir/Src/main.c.obj
 .text.usart2_tx_free_count
                0x080004dc       0x4c CMakeFiles/detectionsystem_test_.dir/Src/main.c.obj
 .text.usart2_write_char
                0x08000528       0x64 CMakeFiles/detectionsystem_test_.dir/Src/main.c.obj
 .text.usart2_write_string
                0x0800058c       0x36 CMakeFiles/detectionsystem_test_.dir/Src/main.c.obj
 *fill*         0x080005c2        0x2 
 .text.usart2_write_u32
                0x080005c4       0x8c CMakeFiles/detectionsystem_test_.dir/Src/main.c.obj
 .text.USART2_IRQHandler
                0x08000650       0x64 CMakeFiles/detectionsystem_test_.dir/Src/main.c.obj
                0x08000650                USART2_IRQHandler
 .text.oled_i2c_delay
                0x080006b4       0x26 CMakeFiles/detectionsystem_test_.dir/Src/main.c.obj
 *fill*         0x080006da        0x2 
 .text.oled_scl_high
                0x080006dc       0x18 CMakeFiles/detectionsystem_test_.dir/Src/main.c.obj
 .text.oled_scl_low
                0x080006f4       0x18 CMakeFiles/detectionsystem_test_.dir/Src/main.c.obj
 .text.oled_sda_high
                0x0800070c       0x18 CMakeFiles/detectionsystem_test_.dir/Src/main.c.obj
 .text.oled_sda_low
                0x08000724       0x18 CMakeFiles/detectionsystem_test_.dir/Src/main.c.obj
 .text.oled_i2c_start
                0x0800073c       0x18 CMakeFiles/detectionsystem_test_.dir/Src/main.c.obj
 .text.oled_i2c_stop
                0x08000754       0x14 CMakeFiles/detectionsystem_test_.dir/Src/main.c.obj
 .text.oled_i2c_recover_bus
                0x08000768       0x30 CMakeFiles/detectionsystem_test_.dir/Src/main.c.obj
 .text.oled_i2c_write_byte
                0x08000798       0x68 CMakeFiles/detectionsystem_test_.dir/Src/main.c.obj
 .text.oled_probe_address
                0x08000800       0x2a CMakeFiles/detectionsystem_test_.dir/Src/main.c.obj
 *fill*         0x0800082a        0x2 
 .text.oled_gpio_init
                0x0800082c       0x68 CMakeFiles/detectionsystem_test_.dir/Src/main.c.obj
 .text.oled_write_commands
                0x08000894       0x4c CMakeFiles/detectionsystem_test_.dir/Src/main.c.obj
 .text.oled_write_command
                0x080008e0       0x1c CMakeFiles/detectionsystem_test_.dir/Src/main.c.obj
 .text.oled_write_data
                0x080008fc       0x4c CMakeFiles/detectionsystem_test_.dir/Src/main.c.obj
 .text.oled_clear_buffer
                0x08000948       0x34 CMakeFiles/detectionsystem_test_.dir/Src/main.c.obj
 .text.oled_flush_pages
                0x0800097c       0x80 CMakeFiles/detectionsystem_test_.dir/Src/main.c.obj
 .text.oled_flush
                0x080009fc       0x10 CMakeFiles/detectionsystem_test_.dir/Src/main.c.obj
 .text.oled_clear_status_buffer
                0x08000a0c       0x40 CMakeFiles/detectionsystem_test_.dir/Src/main.c.obj
 .text.oled_get_glyph
                0x08000a4c       0xd4 CMakeFiles/detectionsystem_test_.dir/Src/main.c.obj
 .text.oled_draw_pixel
                0x08000b20       0x54 CMakeFiles/detectionsystem_test_.dir/Src/main.c.obj
 .text.oled_text_width
                0x08000b74       0x4c CMakeFiles/detectionsystem_test_.dir/Src/main.c.obj
 .text.oled_draw_char_scaled
                0x08000bc0       0xb2 CMakeFiles/detectionsystem_test_.dir/Src/main.c.obj
 .text.oled_draw_text_centered
                0x08000c72       0x64 CMakeFiles/detectionsystem_test_.dir/Src/main.c.obj
 .text.oled_show_status
                0x08000cd6       0x26 CMakeFiles/detectionsystem_test_.dir/Src/main.c.obj
 .text.oled_show_status_full
                0x08000cfc       0x22 CMakeFiles/detectionsystem_test_.dir/Src/main.c.obj
 *fill*         0x08000d1e        0x2 
 .text.oled_write_ack_text
                0x08000d20       0x2c CMakeFiles/detectionsystem_test_.dir/Src/main.c.obj
 .text.oled_init
                0x08000d4c      0x110 CMakeFiles/detectionsystem_test_.dir/Src/main.c.obj
 .text.safe_led_init
                0x08000e5c       0xdc CMakeFiles/detectionsystem_test_.dir/Src/main.c.obj
 .text.warning_led_d10_set
                0x08000f38       0x30 CMakeFiles/detectionsystem_test_.dir/Src/main.c.obj
 .text.safe_led_set_brightness
                0x08000f68       0x2c CMakeFiles/detectionsystem_test_.dir/Src/main.c.obj
 .text.safe_led_update
                0x08000f94       0x7c CMakeFiles/detectionsystem_test_.dir/Src/main.c.obj
 .text.buzzer_d11_init
                0x08001010       0x40 CMakeFiles/detectionsystem_test_.dir/Src/main.c.obj
 .text.buzzer_set
                0x08001050       0x3c CMakeFiles/detectionsystem_test_.dir/Src/main.c.obj
 .text.buzzer_update
                0x0800108c       0x24 CMakeFiles/detectionsystem_test_.dir/Src/main.c.obj
 .text.buzzer_timer_tick_from_isr
                0x080010b0       0x5c CMakeFiles/detectionsystem_test_.dir/Src/main.c.obj
 .text.tim2_take_sample_tick
                0x0800110c       0x34 CMakeFiles/detectionsystem_test_.dir/Src/main.c.obj
 .text.tim2_take_display_tick
                0x08001140       0x34 CMakeFiles/detectionsystem_test_.dir/Src/main.c.obj
 .text.tim2_init
                0x08001174       0xb0 CMakeFiles/detectionsystem_test_.dir/Src/main.c.obj
 .text.tim2_clear_pending_work_ticks
                0x08001224       0x38 CMakeFiles/detectionsystem_test_.dir/Src/main.c.obj
 .text.adc1_set_channel_sample_time
                0x0800125c       0x30 CMakeFiles/detectionsystem_test_.dir/Src/main.c.obj
 .text.adc1_init
                0x0800128c       0xb0 CMakeFiles/detectionsystem_test_.dir/Src/main.c.obj
 .text.adc1_read_channel
                0x0800133c       0x50 CMakeFiles/detectionsystem_test_.dir/Src/main.c.obj
 .text.risk_status_text
                0x0800138c       0x34 CMakeFiles/detectionsystem_test_.dir/Src/main.c.obj
 .text.serial_write_risk
                0x080013c0       0x84 CMakeFiles/detectionsystem_test_.dir/Src/main.c.obj
 .text.TIM2_IRQHandler
                0x08001444       0xc4 CMakeFiles/detectionsystem_test_.dir/Src/main.c.obj
                0x08001444                TIM2_IRQHandler
 .text.main     0x08001508      0x170 CMakeFiles/detectionsystem_test_.dir/Src/main.c.obj
                0x08001508                main
 .text.Reset_Handler
                0x08001678       0x50 CMakeFiles/detectionsystem_test_.dir/Src/startup_stm32f103xx.S.obj
                0x08001678                Reset_Handler
 .text.Default_Handler
                0x080016c8        0x2 CMakeFiles/detectionsystem_test_.dir/Src/startup_stm32f103xx.S.obj
                0x080016c8                EXTI2_IRQHandler
                0x080016c8                TIM8_TRG_COM_IRQHandler
                0x080016c8                TIM8_CC_IRQHandler
                0x080016c8                DebugMon_Handler
                0x080016c8                TIM1_CC_IRQHandler
                0x080016c8                HardFault_Handler
                0x080016c8                TIM6_IRQHandler
                0x080016c8                SysTick_Handler
                0x080016c8                PVD_IRQHandler
                0x080016c8                SDIO_IRQHandler
                0x080016c8                PendSV_Handler
                0x080016c8                NMI_Handler
                0x080016c8                EXTI3_IRQHandler
                0x080016c8                USB_HP_CAN_TX_IRQHandler
                0x080016c8                EXTI0_IRQHandler
                0x080016c8                I2C2_EV_IRQHandler
                0x080016c8                UsageFault_Handler
                0x080016c8                ADC1_2_IRQHandler
                0x080016c8                SPI1_IRQHandler
                0x080016c8                CAN_SCE_IRQHandler
                0x080016c8                TAMPER_IRQHandler
                0x080016c8                TIM8_UP_IRQHandler
                0x080016c8                DMA2_Channel2_IRQHandler
                0x080016c8                DMA1_Channel4_IRQHandler
                0x080016c8                USART3_IRQHandler
                0x080016c8                RTC_IRQHandler
                0x080016c8                DMA1_Channel7_IRQHandler
                0x080016c8                UART5_IRQHandler
                0x080016c8                ADC3_IRQHandler
                0x080016c8                TIM4_IRQHandler
                0x080016c8                CAN_RX1_IRQHandler
                0x080016c8                DMA2_Channel1_IRQHandler
                0x080016c8                I2C1_EV_IRQHandler
                0x080016c8                DMA1_Channel6_IRQHandler
                0x080016c8                UART4_IRQHandler
                0x080016c8                TIM3_IRQHandler
                0x080016c8                RCC_IRQHandler
                0x080016c8                TIM1_TRG_COM_IRQHandler
                0x080016c8                DMA1_Channel1_IRQHandler
                0x080016c8                Default_Handler
                0x080016c8                EXTI15_10_IRQHandler
                0x080016c8                TIM7_IRQHandler
                0x080016c8                TIM5_IRQHandler
                0x080016c8                EXTI9_5_IRQHandler
                0x080016c8                SPI2_IRQHandler
                0x080016c8                USB_LP_CAN_RX0_IRQHandler
                0x080016c8                MemManage_Handler
                0x080016c8                SVC_Handler
                0x080016c8                DMA1_Channel5_IRQHandler
                0x080016c8                EXTI4_IRQHandler
                0x080016c8                DMA1_Channel3_IRQHandler
                0x080016c8                FSMC_IRQHandler
                0x080016c8                TIM1_UP_IRQHandler
                0x080016c8                WWDG_IRQHandler
                0x080016c8                TIM1_BRK_IRQHandler
                0x080016c8                EXTI1_IRQHandler
                0x080016c8                RTCAlarm_IRQHandler
                0x080016c8                DMA2_Channel4_5_IRQHandler
                0x080016c8                I2C2_ER_IRQHandler
                0x080016c8                DMA1_Channel2_IRQHandler
                0x080016c8                TIM8_BRK_IRQHandler
                0x080016c8                FLASH_IRQHandler
                0x080016c8                BusFault_Handler
                0x080016c8                USART1_IRQHandler
                0x080016c8                SPI3_IRQHandler
                0x080016c8                I2C1_ER_IRQHandler
                0x080016c8                DMA2_Channel3_IRQHandler
 *(.glue_7)
 .glue_7        0x080016ca        0x0 linker stubs
 *(.glue_7t)
 .glue_7t       0x080016ca        0x0 linker stubs
 *(.eh_frame)
 *fill*         0x080016ca        0x2 
 .eh_frame      0x080016cc        0x0 C:/Users/wnwnd/AppData/Local/stm32cube/bundles/gnu-tools-for-stm32/14.3.1+st.2/bin/../lib/gcc/arm-none-eabi/14.3.1/thumb/v7-m/nofp/crtbegin.o
 *(.init)
 .init          0x080016cc        0x4 C:/Users/wnwnd/AppData/Local/stm32cube/bundles/gnu-tools-for-stm32/14.3.1+st.2/bin/../lib/gcc/arm-none-eabi/14.3.1/thumb/v7-m/nofp/crti.o
                0x080016cc                _init
 .init          0x080016d0        0x8 C:/Users/wnwnd/AppData/Local/stm32cube/bundles/gnu-tools-for-stm32/14.3.1+st.2/bin/../lib/gcc/arm-none-eabi/14.3.1/thumb/v7-m/nofp/crtn.o
 *(.fini)
 .fini          0x080016d8        0x4 C:/Users/wnwnd/AppData/Local/stm32cube/bundles/gnu-tools-for-stm32/14.3.1+st.2/bin/../lib/gcc/arm-none-eabi/14.3.1/thumb/v7-m/nofp/crti.o
                0x080016d8                _fini
 .fini          0x080016dc        0x8 C:/Users/wnwnd/AppData/Local/stm32cube/bundles/gnu-tools-for-stm32/14.3.1+st.2/bin/../lib/gcc/arm-none-eabi/14.3.1/thumb/v7-m/nofp/crtn.o
                0x080016e4                        . = ALIGN (0x4)
                0x080016e4                        _etext = .

.vfp11_veneer   0x080016e4        0x0
 .vfp11_veneer  0x080016e4        0x0 linker stubs

.v4_bx          0x080016e4        0x0
 .v4_bx         0x080016e4        0x0 linker stubs

.iplt           0x080016e4        0x0
 .iplt          0x080016e4        0x0 C:/Users/wnwnd/AppData/Local/stm32cube/bundles/gnu-tools-for-stm32/14.3.1+st.2/bin/../lib/gcc/arm-none-eabi/14.3.1/thumb/v7-m/nofp/crtbegin.o

.rodata         0x080016e4      0x170
                0x080016e4                        . = ALIGN (0x4)
 *(.rodata)
 .rodata        0x080016e4       0xf9 CMakeFiles/detectionsystem_test_.dir/Src/main.c.obj
 *(.rodata*)
 *fill*         0x080017dd        0x3 
 .rodata.oled_font_space
                0x080017e0        0x5 CMakeFiles/detectionsystem_test_.dir/Src/main.c.obj
 *fill*         0x080017e5        0x3 
 .rodata.oled_font_a
                0x080017e8        0x5 CMakeFiles/detectionsystem_test_.dir/Src/main.c.obj
 *fill*         0x080017ed        0x3 
 .rodata.oled_font_d
                0x080017f0        0x5 CMakeFiles/detectionsystem_test_.dir/Src/main.c.obj
 *fill*         0x080017f5        0x3 
 .rodata.oled_font_e
                0x080017f8        0x5 CMakeFiles/detectionsystem_test_.dir/Src/main.c.obj
 *fill*         0x080017fd        0x3 
 .rodata.oled_font_f
                0x08001800        0x5 CMakeFiles/detectionsystem_test_.dir/Src/main.c.obj
 *fill*         0x08001805        0x3 
 .rodata.oled_font_g
                0x08001808        0x5 CMakeFiles/detectionsystem_test_.dir/Src/main.c.obj
 *fill*         0x0800180d        0x3 
 .rodata.oled_font_i
                0x08001810        0x5 CMakeFiles/detectionsystem_test_.dir/Src/main.c.obj
 *fill*         0x08001815        0x3 
 .rodata.oled_font_n
                0x08001818        0x5 CMakeFiles/detectionsystem_test_.dir/Src/main.c.obj
 *fill*         0x0800181d        0x3 
 .rodata.oled_font_r
                0x08001820        0x5 CMakeFiles/detectionsystem_test_.dir/Src/main.c.obj
 *fill*         0x08001825        0x3 
 .rodata.oled_font_s
                0x08001828        0x5 CMakeFiles/detectionsystem_test_.dir/Src/main.c.obj
 *fill*         0x0800182d        0x3 
 .rodata.oled_font_w
                0x08001830        0x5 CMakeFiles/detectionsystem_test_.dir/Src/main.c.obj
 *fill*         0x08001835        0x3 
 .rodata.init_sequence.1
                0x08001838       0x1a CMakeFiles/detectionsystem_test_.dir/Src/main.c.obj
                0x08001854                        . = ALIGN (0x4)
 *fill*         0x08001852        0x2 

.ARM.extab      0x08001854        0x0
                0x08001854                        . = ALIGN (0x4)
 *(.ARM.extab* .gnu.linkonce.armextab.*)
                0x08001854                        . = ALIGN (0x4)

.ARM            0x08001854        0x0
                0x08001854                        . = ALIGN (0x4)
                0x08001854                        __exidx_start = .
 *(.ARM.exidx*)
                0x08001854                        __exidx_end = .
                0x08001854                        . = ALIGN (0x4)

.preinit_array  0x08001854        0x0
                0x08001854                        . = ALIGN (0x4)
                0x08001854                        PROVIDE (__preinit_array_start = .)
 *(.preinit_array*)
                0x08001854                        PROVIDE (__preinit_array_end = .)
                0x08001854                        . = ALIGN (0x4)

.init_array     0x08001854        0x8
                0x08001854                        . = ALIGN (0x4)
                0x08001854                        PROVIDE (__init_array_start = .)
 *(SORT_BY_NAME(.init_array.*))
 .init_array.00000
                0x08001854        0x4 C:/Users/wnwnd/AppData/Local/stm32cube/bundles/gnu-tools-for-stm32/14.3.1+st.2/bin/../lib/gcc/arm-none-eabi/14.3.1/../../../../arm-none-eabi/lib/thumb/v7-m/nofp\libc.a(libc_a-__call_atexit.o)
 *(.init_array*)
 .init_array    0x08001858        0x4 C:/Users/wnwnd/AppData/Local/stm32cube/bundles/gnu-tools-for-stm32/14.3.1+st.2/bin/../lib/gcc/arm-none-eabi/14.3.1/thumb/v7-m/nofp/crtbegin.o
                0x0800185c                        PROVIDE (__init_array_end = .)
                0x0800185c                        . = ALIGN (0x4)

.fini_array     0x0800185c        0x4
                0x0800185c                        . = ALIGN (0x4)
                0x0800185c                        PROVIDE (__fini_array_start = .)
 *(SORT_BY_NAME(.fini_array.*))
 *(.fini_array*)
 .fini_array    0x0800185c        0x4 C:/Users/wnwnd/AppData/Local/stm32cube/bundles/gnu-tools-for-stm32/14.3.1+st.2/bin/../lib/gcc/arm-none-eabi/14.3.1/thumb/v7-m/nofp/crtbegin.o
                0x08001860                        PROVIDE (__fini_array_end = .)
                0x08001860                        . = ALIGN (0x4)
                0x08001860                        _sidata = LOADADDR (.data)

.rel.dyn        0x08001860        0x0
 .rel.iplt      0x08001860        0x0 C:/Users/wnwnd/AppData/Local/stm32cube/bundles/gnu-tools-for-stm32/14.3.1+st.2/bin/../lib/gcc/arm-none-eabi/14.3.1/thumb/v7-m/nofp/crtbegin.o

.data           0x20000000        0xc load address 0x08001860
                0x20000000                        _sdata = .
 *(.data)
 *(.data*)
 .data.__atexit_recursive_mutex
                0x20000000        0x4 C:/Users/wnwnd/AppData/Local/stm32cube/bundles/gnu-tools-for-stm32/14.3.1+st.2/bin/../lib/gcc/arm-none-eabi/14.3.1/../../../../arm-none-eabi/lib/thumb/v7-m/nofp\libc.a(libc_a-__call_atexit.o)
                0x20000000                __atexit_recursive_mutex
 .data.oled_address
                0x20000004        0x1 CMakeFiles/detectionsystem_test_.dir/Src/main.c.obj
 *fill*         0x20000005        0x3 
 .data.oled_detect_text
                0x20000008        0x4 CMakeFiles/detectionsystem_test_.dir/Src/main.c.obj
 *(.RamFunc)
 *(.RamFunc*)
                0x2000000c                        . = ALIGN (0x4)

.igot.plt       0x2000000c        0x0 load address 0x0800186c
 .igot.plt      0x2000000c        0x0 C:/Users/wnwnd/AppData/Local/stm32cube/bundles/gnu-tools-for-stm32/14.3.1+st.2/bin/../lib/gcc/arm-none-eabi/14.3.1/thumb/v7-m/nofp/crtbegin.o

.tdata          0x2000000c        0x0 load address 0x0800186c
 *(.tdata .tdata.* .gnu.linkonce.td.*)
                0x2000000c                        . = ALIGN (0x4)
                0x2000000c                        _edata = .
                [!provide]                        PROVIDE (__data_end = .)
                [!provide]                        PROVIDE (__tdata_end = .)
                [!provide]                        PROVIDE (__tdata_start = ADDR (.tdata))
                [!provide]                        PROVIDE (__tdata_size = (__tdata_end - __tdata_start))
                [!provide]                        PROVIDE (__data_start = ADDR (.data))
                [!provide]                        PROVIDE (__data_size = (__data_end - __data_start))
                [!provide]                        PROVIDE (__tdata_source = LOADADDR (.tdata))
                [!provide]                        PROVIDE (__tdata_source_end = (LOADADDR (.tdata) + SIZEOF (.tdata)))
                [!provide]                        PROVIDE (__tdata_source_size = (__tdata_source_end - __tdata_source))
                [!provide]                        PROVIDE (__data_source = LOADADDR (.data))
                [!provide]                        PROVIDE (__data_source_end = __tdata_source_end)
                [!provide]                        PROVIDE (__data_source_size = (__data_source_end - __data_source))

.tbss           0x2000000c        0x0 load address 0x0800186c
                0x2000000c                        _sbss = .
                0x2000000c                        __bss_start__ = _sbss
                [!provide]                        PROVIDE (__bss_start = .)
 *(.tbss .tbss.*)
                0x2000000c                        . = ALIGN (0x4)
                [!provide]                        PROVIDE (__tbss_end = .)
                [!provide]                        PROVIDE (__tbss_start = ADDR (.tbss))
                [!provide]                        PROVIDE (__tbss_size = (__tbss_end - __tbss_start))
                [!provide]                        PROVIDE (__tbss_offset = (ADDR (.tbss) - ADDR (.tdata)))
                [!provide]                        PROVIDE (__tls_base = __tdata_start)
                [!provide]                        PROVIDE (__tls_end = __tbss_end)
                [!provide]                        PROVIDE (__tls_size = (__tls_end - __tls_base))
                [!provide]                        PROVIDE (__tls_align = MAX (ALIGNOF (.tdata), ALIGNOF (.tbss)))
                [!provide]                        PROVIDE (__tls_size_align = (((__tls_size + __tls_align) - 0x1) & ~ ((__tls_align - 0x1))))
                [!provide]                        PROVIDE (__arm32_tls_tcb_offset = MAX (0x8, __tls_align))
                [!provide]                        PROVIDE (__arm64_tls_tcb_offset = MAX (0x10, __tls_align))

.bss            0x2000000c      0x4e0 load address 0x0800186c
 *(.bss)
 .bss           0x2000000c       0x1c C:/Users/wnwnd/AppData/Local/stm32cube/bundles/gnu-tools-for-stm32/14.3.1+st.2/bin/../lib/gcc/arm-none-eabi/14.3.1/thumb/v7-m/nofp/crtbegin.o
 *(.bss*)
 .bss.__lock___atexit_recursive_mutex
                0x20000028        0x1 C:/Users/wnwnd/AppData/Local/stm32cube/bundles/gnu-tools-for-stm32/14.3.1+st.2/bin/../lib/gcc/arm-none-eabi/14.3.1/../../../../arm-none-eabi/lib/thumb/v7-m/nofp\libc.a(libc_a-lock.o)
                0x20000028                __lock___atexit_recursive_mutex
 *fill*         0x20000029        0x3 
 .bss.__atexit  0x2000002c        0x4 C:/Users/wnwnd/AppData/Local/stm32cube/bundles/gnu-tools-for-stm32/14.3.1+st.2/bin/../lib/gcc/arm-none-eabi/14.3.1/../../../../arm-none-eabi/lib/thumb/v7-m/nofp\libc.a(libc_a-__call_atexit.o)
                0x2000002c                __atexit
 .bss.__atexit0
                0x20000030      0x190 C:/Users/wnwnd/AppData/Local/stm32cube/bundles/gnu-tools-for-stm32/14.3.1+st.2/bin/../lib/gcc/arm-none-eabi/14.3.1/../../../../arm-none-eabi/lib/thumb/v7-m/nofp\libc.a(libc_a-__atexit.o)
                0x20000030                __atexit0
 .bss.tim2_period_elapsed
                0x200001c0        0x4 CMakeFiles/detectionsystem_test_.dir/Src/main.c.obj
 .bss.tim2_sample_tick_count
                0x200001c4        0x4 CMakeFiles/detectionsystem_test_.dir/Src/main.c.obj
 .bss.tim2_display_period_elapsed
                0x200001c8        0x4 CMakeFiles/detectionsystem_test_.dir/Src/main.c.obj
 .bss.tim2_display_tick_count
                0x200001cc        0x4 CMakeFiles/detectionsystem_test_.dir/Src/main.c.obj
 .bss.tim2_millisecond_count
                0x200001d0        0x4 CMakeFiles/detectionsystem_test_.dir/Src/main.c.obj
 .bss.tim2_millisecond_tick_count
                0x200001d4        0x4 CMakeFiles/detectionsystem_test_.dir/Src/main.c.obj
 .bss.buzzer_enabled
                0x200001d8        0x4 CMakeFiles/detectionsystem_test_.dir/Src/main.c.obj
 .bss.buzzer_output_high
                0x200001dc        0x4 CMakeFiles/detectionsystem_test_.dir/Src/main.c.obj
 .bss.usart2_tx_head
                0x200001e0        0x4 CMakeFiles/detectionsystem_test_.dir/Src/main.c.obj
 .bss.usart2_tx_tail
                0x200001e4        0x4 CMakeFiles/detectionsystem_test_.dir/Src/main.c.obj
 .bss.usart2_tx_buffer
                0x200001e8      0x100 CMakeFiles/detectionsystem_test_.dir/Src/main.c.obj
 .bss.oled_buffer
                0x200002e8      0x200 CMakeFiles/detectionsystem_test_.dir/Src/main.c.obj
 .bss.warning_blink_phase.0
                0x200004e8        0x4 CMakeFiles/detectionsystem_test_.dir/Src/main.c.obj
 *(COMMON)
                0x200004ec                        . = ALIGN (0x4)
                0x200004ec                        _ebss = .
                0x200004ec                        __bss_end__ = _ebss
                [!provide]                        PROVIDE (__bss_end = .)
                [!provide]                        PROVIDE (__bss_size = (__bss_end - __bss_start))
                [!provide]                        PROVIDE (__non_tls_bss_start = ADDR (.bss))

._user_heap_stack
                0x200004ec      0x604 load address 0x0800186c
                0x200004f0                        . = ALIGN (0x8)
 *fill*         0x200004ec        0x4 
                [!provide]                        PROVIDE (end = .)
                0x200004f0                        PROVIDE (_end = .)
                0x200006f0                        . = (. + _Min_Heap_Size)
 *fill*         0x200004f0      0x200 
                0x20000af0                        . = (. + _Min_Stack_Size)
 *fill*         0x200006f0      0x400 
                0x20000af0                        . = ALIGN (0x8)

/DISCARD/
 libc.a:*(*)
 libm.a:*(*)
 libgcc.a:*(*)

.ARM.attributes
                0x00000000       0x29
 *(.ARM.attributes)
 .ARM.attributes
                0x00000000       0x1d C:/Users/wnwnd/AppData/Local/stm32cube/bundles/gnu-tools-for-stm32/14.3.1+st.2/bin/../lib/gcc/arm-none-eabi/14.3.1/thumb/v7-m/nofp/crti.o
 .ARM.attributes
                0x0000001d       0x2d C:/Users/wnwnd/AppData/Local/stm32cube/bundles/gnu-tools-for-stm32/14.3.1+st.2/bin/../lib/gcc/arm-none-eabi/14.3.1/thumb/v7-m/nofp/crtbegin.o
 .ARM.attributes
                0x0000004a       0x2d C:/Users/wnwnd/AppData/Local/stm32cube/bundles/gnu-tools-for-stm32/14.3.1+st.2/bin/../lib/gcc/arm-none-eabi/14.3.1/../../../../arm-none-eabi/lib/thumb/v7-m/nofp\libc.a(libc_a-init.o)
 .ARM.attributes
                0x00000077       0x2d C:/Users/wnwnd/AppData/Local/stm32cube/bundles/gnu-tools-for-stm32/14.3.1+st.2/bin/../lib/gcc/arm-none-eabi/14.3.1/../../../../arm-none-eabi/lib/thumb/v7-m/nofp\libc.a(libc_a-lock.o)
 .ARM.attributes
                0x000000a4       0x2d C:/Users/wnwnd/AppData/Local/stm32cube/bundles/gnu-tools-for-stm32/14.3.1+st.2/bin/../lib/gcc/arm-none-eabi/14.3.1/../../../../arm-none-eabi/lib/thumb/v7-m/nofp\libc.a(libc_a-__call_atexit.o)
 .ARM.attributes
                0x000000d1       0x2d C:/Users/wnwnd/AppData/Local/stm32cube/bundles/gnu-tools-for-stm32/14.3.1+st.2/bin/../lib/gcc/arm-none-eabi/14.3.1/../../../../arm-none-eabi/lib/thumb/v7-m/nofp\libc.a(libc_a-atexit.o)
 .ARM.attributes
                0x000000fe       0x2d C:/Users/wnwnd/AppData/Local/stm32cube/bundles/gnu-tools-for-stm32/14.3.1+st.2/bin/../lib/gcc/arm-none-eabi/14.3.1/../../../../arm-none-eabi/lib/thumb/v7-m/nofp\libc.a(libc_a-fini.o)
 .ARM.attributes
                0x0000012b       0x2d C:/Users/wnwnd/AppData/Local/stm32cube/bundles/gnu-tools-for-stm32/14.3.1+st.2/bin/../lib/gcc/arm-none-eabi/14.3.1/../../../../arm-none-eabi/lib/thumb/v7-m/nofp\libc.a(libc_a-__atexit.o)
 .ARM.attributes
                0x00000158       0x2d CMakeFiles/detectionsystem_test_.dir/Src/main.c.obj
 .ARM.attributes
                0x00000185       0x21 CMakeFiles/detectionsystem_test_.dir/Src/startup_stm32f103xx.S.obj
 .ARM.attributes
                0x000001a6       0x1d C:/Users/wnwnd/AppData/Local/stm32cube/bundles/gnu-tools-for-stm32/14.3.1+st.2/bin/../lib/gcc/arm-none-eabi/14.3.1/thumb/v7-m/nofp/crtn.o
OUTPUT(detectionsystem_test_.elf elf32-littlearm)
LOAD linker stubs

.debug_frame    0x00000000      0x940
 .debug_frame   0x00000000       0x2c C:/Users/wnwnd/AppData/Local/stm32cube/bundles/gnu-tools-for-stm32/14.3.1+st.2/bin/../lib/gcc/arm-none-eabi/14.3.1/../../../../arm-none-eabi/lib/thumb/v7-m/nofp\libc.a(libc_a-init.o)
 .debug_frame   0x0000002c       0xb0 C:/Users/wnwnd/AppData/Local/stm32cube/bundles/gnu-tools-for-stm32/14.3.1+st.2/bin/../lib/gcc/arm-none-eabi/14.3.1/../../../../arm-none-eabi/lib/thumb/v7-m/nofp\libc.a(libc_a-lock.o)
 .debug_frame   0x000000dc       0x5c C:/Users/wnwnd/AppData/Local/stm32cube/bundles/gnu-tools-for-stm32/14.3.1+st.2/bin/../lib/gcc/arm-none-eabi/14.3.1/../../../../arm-none-eabi/lib/thumb/v7-m/nofp\libc.a(libc_a-__call_atexit.o)
 .debug_frame   0x00000138       0x20 C:/Users/wnwnd/AppData/Local/stm32cube/bundles/gnu-tools-for-stm32/14.3.1+st.2/bin/../lib/gcc/arm-none-eabi/14.3.1/../../../../arm-none-eabi/lib/thumb/v7-m/nofp\libc.a(libc_a-atexit.o)
 .debug_frame   0x00000158       0x34 C:/Users/wnwnd/AppData/Local/stm32cube/bundles/gnu-tools-for-stm32/14.3.1+st.2/bin/../lib/gcc/arm-none-eabi/14.3.1/../../../../arm-none-eabi/lib/thumb/v7-m/nofp\libc.a(libc_a-fini.o)
 .debug_frame   0x0000018c       0x34 C:/Users/wnwnd/AppData/Local/stm32cube/bundles/gnu-tools-for-stm32/14.3.1+st.2/bin/../lib/gcc/arm-none-eabi/14.3.1/../../../../arm-none-eabi/lib/thumb/v7-m/nofp\libc.a(libc_a-__atexit.o)
 .debug_frame   0x000001c0      0x780 CMakeFiles/detectionsystem_test_.dir/Src/main.c.obj

.debug_info     0x00000000      0xe97
 .debug_info    0x00000000      0xe67 CMakeFiles/detectionsystem_test_.dir/Src/main.c.obj
 .debug_info    0x00000e67       0x30 CMakeFiles/detectionsystem_test_.dir/Src/startup_stm32f103xx.S.obj

.debug_abbrev   0x00000000      0x27f
 .debug_abbrev  0x00000000      0x25b CMakeFiles/detectionsystem_test_.dir/Src/main.c.obj
 .debug_abbrev  0x0000025b       0x24 CMakeFiles/detectionsystem_test_.dir/Src/startup_stm32f103xx.S.obj

.debug_aranges  0x00000000      0x208
 .debug_aranges
                0x00000000      0x1e0 CMakeFiles/detectionsystem_test_.dir/Src/main.c.obj
 .debug_aranges
                0x000001e0       0x28 CMakeFiles/detectionsystem_test_.dir/Src/startup_stm32f103xx.S.obj

.debug_rnglists
                0x00000000      0x188
 .debug_rnglists
                0x00000000      0x16f CMakeFiles/detectionsystem_test_.dir/Src/main.c.obj
 .debug_rnglists
                0x0000016f       0x19 CMakeFiles/detectionsystem_test_.dir/Src/startup_stm32f103xx.S.obj

.debug_macro    0x00000000     0x126e
 .debug_macro   0x00000000      0x35b CMakeFiles/detectionsystem_test_.dir/Src/main.c.obj
 .debug_macro   0x0000035b      0xac6 CMakeFiles/detectionsystem_test_.dir/Src/main.c.obj
 .debug_macro   0x00000e21       0x22 CMakeFiles/detectionsystem_test_.dir/Src/main.c.obj
 .debug_macro   0x00000e43       0x8e CMakeFiles/detectionsystem_test_.dir/Src/main.c.obj
 .debug_macro   0x00000ed1       0x51 CMakeFiles/detectionsystem_test_.dir/Src/main.c.obj
 .debug_macro   0x00000f22      0x103 CMakeFiles/detectionsystem_test_.dir/Src/main.c.obj
 .debug_macro   0x00001025       0x6a CMakeFiles/detectionsystem_test_.dir/Src/main.c.obj
 .debug_macro   0x0000108f      0x1df CMakeFiles/detectionsystem_test_.dir/Src/main.c.obj

.debug_line     0x00000000     0x10a3
 .debug_line    0x00000000     0x1028 CMakeFiles/detectionsystem_test_.dir/Src/main.c.obj
 .debug_line    0x00001028       0x7b CMakeFiles/detectionsystem_test_.dir/Src/startup_stm32f103xx.S.obj

.debug_str      0x00000000     0x55c1
 .debug_str     0x00000000     0x55c1 CMakeFiles/detectionsystem_test_.dir/Src/main.c.obj
                               0x575f (size before relaxing)
 .debug_str     0x000055c1       0xa6 CMakeFiles/detectionsystem_test_.dir/Src/startup_stm32f103xx.S.obj

.comment        0x00000000       0x43
 .comment       0x00000000       0x43 CMakeFiles/detectionsystem_test_.dir/Src/main.c.obj
                                 0x44 (size before relaxing)

.debug_line_str
                0x00000000       0x8a
 .debug_line_str
                0x00000000       0x8a CMakeFiles/detectionsystem_test_.dir/Src/startup_stm32f103xx.S.obj
