Archive member included to satisfy reference by file (symbol)

C:/Users/wnwnd/AppData/Local/stm32cube/bundles/gnu-tools-for-stm32/14.3.1+st.2/bin/../lib/gcc/arm-none-eabi/14.3.1/../../../../arm-none-eabi/lib/thumb/v7-m/nofp\libc.a(libc_a-exit.o)
                              C:/Users/wnwnd/AppData/Local/stm32cube/bundles/gnu-tools-for-stm32/14.3.1+st.2/bin/../lib/gcc/arm-none-eabi/14.3.1/../../../../arm-none-eabi/lib/thumb/v7-m/nofp/crt0.o (exit)
C:/Users/wnwnd/AppData/Local/stm32cube/bundles/gnu-tools-for-stm32/14.3.1+st.2/bin/../lib/gcc/arm-none-eabi/14.3.1/../../../../arm-none-eabi/lib/thumb/v7-m/nofp\libc.a(libc_a-findfp.o)
                              C:/Users/wnwnd/AppData/Local/stm32cube/bundles/gnu-tools-for-stm32/14.3.1+st.2/bin/../lib/gcc/arm-none-eabi/14.3.1/../../../../arm-none-eabi/lib/thumb/v7-m/nofp\libc.a(libc_a-exit.o) (__stdio_exit_handler)
C:/Users/wnwnd/AppData/Local/stm32cube/bundles/gnu-tools-for-stm32/14.3.1+st.2/bin/../lib/gcc/arm-none-eabi/14.3.1/../../../../arm-none-eabi/lib/thumb/v7-m/nofp\libc.a(libc_a-fwalk.o)
                              C:/Users/wnwnd/AppData/Local/stm32cube/bundles/gnu-tools-for-stm32/14.3.1+st.2/bin/../lib/gcc/arm-none-eabi/14.3.1/../../../../arm-none-eabi/lib/thumb/v7-m/nofp\libc.a(libc_a-findfp.o) (_fwalk_sglue)
C:/Users/wnwnd/AppData/Local/stm32cube/bundles/gnu-tools-for-stm32/14.3.1+st.2/bin/../lib/gcc/arm-none-eabi/14.3.1/../../../../arm-none-eabi/lib/thumb/v7-m/nofp\libc.a(libc_a-stdio.o)
                              C:/Users/wnwnd/AppData/Local/stm32cube/bundles/gnu-tools-for-stm32/14.3.1+st.2/bin/../lib/gcc/arm-none-eabi/14.3.1/../../../../arm-none-eabi/lib/thumb/v7-m/nofp\libc.a(libc_a-findfp.o) (__sread)
C:/Users/wnwnd/AppData/Local/stm32cube/bundles/gnu-tools-for-stm32/14.3.1+st.2/bin/../lib/gcc/arm-none-eabi/14.3.1/../../../../arm-none-eabi/lib/thumb/v7-m/nofp\libc.a(libc_a-memset.o)
                              C:/Users/wnwnd/AppData/Local/stm32cube/bundles/gnu-tools-for-stm32/14.3.1+st.2/bin/../lib/gcc/arm-none-eabi/14.3.1/../../../../arm-none-eabi/lib/thumb/v7-m/nofp/crt0.o (memset)
C:/Users/wnwnd/AppData/Local/stm32cube/bundles/gnu-tools-for-stm32/14.3.1+st.2/bin/../lib/gcc/arm-none-eabi/14.3.1/../../../../arm-none-eabi/lib/thumb/v7-m/nofp\libc.a(libc_a-closer.o)
                              C:/Users/wnwnd/AppData/Local/stm32cube/bundles/gnu-tools-for-stm32/14.3.1+st.2/bin/../lib/gcc/arm-none-eabi/14.3.1/../../../../arm-none-eabi/lib/thumb/v7-m/nofp\libc.a(libc_a-stdio.o) (_close_r)
C:/Users/wnwnd/AppData/Local/stm32cube/bundles/gnu-tools-for-stm32/14.3.1+st.2/bin/../lib/gcc/arm-none-eabi/14.3.1/../../../../arm-none-eabi/lib/thumb/v7-m/nofp\libc.a(libc_a-reent.o)
                              C:/Users/wnwnd/AppData/Local/stm32cube/bundles/gnu-tools-for-stm32/14.3.1+st.2/bin/../lib/gcc/arm-none-eabi/14.3.1/../../../../arm-none-eabi/lib/thumb/v7-m/nofp\libc.a(libc_a-closer.o) (errno)
C:/Users/wnwnd/AppData/Local/stm32cube/bundles/gnu-tools-for-stm32/14.3.1+st.2/bin/../lib/gcc/arm-none-eabi/14.3.1/../../../../arm-none-eabi/lib/thumb/v7-m/nofp\libc.a(libc_a-impure.o)
                              C:/Users/wnwnd/AppData/Local/stm32cube/bundles/gnu-tools-for-stm32/14.3.1+st.2/bin/../lib/gcc/arm-none-eabi/14.3.1/../../../../arm-none-eabi/lib/thumb/v7-m/nofp\libc.a(libc_a-reent.o) (_impure_ptr)
C:/Users/wnwnd/AppData/Local/stm32cube/bundles/gnu-tools-for-stm32/14.3.1+st.2/bin/../lib/gcc/arm-none-eabi/14.3.1/../../../../arm-none-eabi/lib/thumb/v7-m/nofp\libc.a(libc_a-lseekr.o)
                              C:/Users/wnwnd/AppData/Local/stm32cube/bundles/gnu-tools-for-stm32/14.3.1+st.2/bin/../lib/gcc/arm-none-eabi/14.3.1/../../../../arm-none-eabi/lib/thumb/v7-m/nofp\libc.a(libc_a-stdio.o) (_lseek_r)
C:/Users/wnwnd/AppData/Local/stm32cube/bundles/gnu-tools-for-stm32/14.3.1+st.2/bin/../lib/gcc/arm-none-eabi/14.3.1/../../../../arm-none-eabi/lib/thumb/v7-m/nofp\libc.a(libc_a-readr.o)
                              C:/Users/wnwnd/AppData/Local/stm32cube/bundles/gnu-tools-for-stm32/14.3.1+st.2/bin/../lib/gcc/arm-none-eabi/14.3.1/../../../../arm-none-eabi/lib/thumb/v7-m/nofp\libc.a(libc_a-stdio.o) (_read_r)
C:/Users/wnwnd/AppData/Local/stm32cube/bundles/gnu-tools-for-stm32/14.3.1+st.2/bin/../lib/gcc/arm-none-eabi/14.3.1/../../../../arm-none-eabi/lib/thumb/v7-m/nofp\libc.a(libc_a-writer.o)
                              C:/Users/wnwnd/AppData/Local/stm32cube/bundles/gnu-tools-for-stm32/14.3.1+st.2/bin/../lib/gcc/arm-none-eabi/14.3.1/../../../../arm-none-eabi/lib/thumb/v7-m/nofp\libc.a(libc_a-stdio.o) (_write_r)
C:/Users/wnwnd/AppData/Local/stm32cube/bundles/gnu-tools-for-stm32/14.3.1+st.2/bin/../lib/gcc/arm-none-eabi/14.3.1/../../../../arm-none-eabi/lib/thumb/v7-m/nofp\libc.a(libc_a-init.o)
                              C:/Users/wnwnd/AppData/Local/stm32cube/bundles/gnu-tools-for-stm32/14.3.1+st.2/bin/../lib/gcc/arm-none-eabi/14.3.1/../../../../arm-none-eabi/lib/thumb/v7-m/nofp/crt0.o (__libc_init_array)
[...]
Memory Configuration

Name             Origin             Length             Attributes
RAM              0x20000000         0x00005000         xrw
FLASH            0x08000000         0x00020000         xr
*default*        0x00000000         0xffffffff

Linker script and memory map

LOAD C:/Users/wnwnd/AppData/Local/stm32cube/bundles/gnu-tools-for-stm32/14.3.1+st.2/bin/../lib/gcc/arm-none-eabi/14.3.1/thumb/v7-m/nofp/crti.o
LOAD C:/Users/wnwnd/AppData/Local/stm32cube/bundles/gnu-tools-for-stm32/14.3.1+st.2/bin/../lib/gcc/arm-none-eabi/14.3.1/thumb/v7-m/nofp/crtbegin.o
LOAD C:/Users/wnwnd/AppData/Local/stm32cube/bundles/gnu-tools-for-stm32/14.3.1+st.2/bin/../lib/gcc/arm-none-eabi/14.3.1/../../../../arm-none-eabi/lib/thumb/v7-m/nofp/crt0.o
START GROUP
LOAD C:/Users/wnwnd/AppData/Local/stm32cube/bundles/gnu-tools-for-stm32/14.3.1+st.2/bin/../lib/gcc/arm-none-eabi/14.3.1/../../../../arm-none-eabi/lib/thumb/v7-m/nofp\libc.a
LOAD C:/Users/wnwnd/AppData/Local/stm32cube/bundles/gnu-tools-for-stm32/14.3.1+st.2/bin/../lib/gcc/arm-none-eabi/14.3.1/../../../../arm-none-eabi/lib/thumb/v7-m/nofp\libm.a
LOAD C:/Users/wnwnd/AppData/Local/stm32cube/bundles/gnu-tools-for-stm32/14.3.1+st.2/bin/../lib/gcc/arm-none-eabi/14.3.1/../../../../arm-none-eabi/lib/thumb/v7-m/nofp\libstdc++.a
LOAD C:/Users/wnwnd/AppData/Local/stm32cube/bundles/gnu-tools-for-stm32/14.3.1+st.2/bin/../lib/gcc/arm-none-eabi/14.3.1/../../../../arm-none-eabi/lib/thumb/v7-m/nofp\libsupc++.a
END GROUP
LOAD CMakeFiles/buzzer_test_0701.dir/Src/main.c.obj
LOAD CMakeFiles/buzzer_test_0701.dir/Src/syscall.c.obj
LOAD CMakeFiles/buzzer_test_0701.dir/Src/sysmem.c.obj
LOAD CMakeFiles/buzzer_test_0701.dir/Src/startup_stm32f103xx.S.obj
START GROUP
LOAD C:/Users/wnwnd/AppData/Local/stm32cube/bundles/gnu-tools-for-stm32/14.3.1+st.2/bin/../lib/gcc/arm-none-eabi/14.3.1/thumb/v7-m/nofp\libgcc.a
LOAD C:/Users/wnwnd/AppData/Local/stm32cube/bundles/gnu-tools-for-stm32/14.3.1+st.2/bin/../lib/gcc/arm-none-eabi/14.3.1/../../../../arm-none-eabi/lib/thumb/v7-m/nofp\libg.a
LOAD C:/Users/wnwnd/AppData/Local/stm32cube/bundles/gnu-tools-for-stm32/14.3.1+st.2/bin/../lib/gcc/arm-none-eabi/14.3.1/../../../../arm-none-eabi/lib/thumb/v7-m/nofp\libc.a
END GROUP
START GROUP
LOAD C:/Users/wnwnd/AppData/Local/stm32cube/bundles/gnu-tools-for-stm32/14.3.1+st.2/bin/../lib/gcc/arm-none-eabi/14.3.1/thumb/v7-m/nofp\libgcc.a
LOAD C:/Users/wnwnd/AppData/Local/stm32cube/bundles/gnu-tools-for-stm32/14.3.1+st.2/bin/../lib/gcc/arm-none-eabi/14.3.1/../../../../arm-none-eabi/lib/thumb/v7-m/nofp\libc.a
LOAD C:/Users/wnwnd/AppData/Local/stm32cube/bundles/gnu-tools-for-stm32/14.3.1+st.2/bin/../lib/gcc/arm-none-eabi/14.3.1/../../../../arm-none-eabi/lib/thumb/v7-m/nofp\libnosys.a
END GROUP
LOAD C:/Users/wnwnd/AppData/Local/stm32cube/bundles/gnu-tools-for-stm32/14.3.1+st.2/bin/../lib/gcc/arm-none-eabi/14.3.1/thumb/v7-m/nofp/crtend.o
LOAD C:/Users/wnwnd/AppData/Local/stm32cube/bundles/gnu-tools-for-stm32/14.3.1+st.2/bin/../lib/gcc/arm-none-eabi/14.3.1/thumb/v7-m/nofp/crtn.o
                0x20005000                        _estack = (ORIGIN (RAM) + LENGTH (RAM))
                0x00000200                        _Min_Heap_Size = 0x200
                0x00000400                        _Min_Stack_Size = 0x400

.isr_vector     0x08000000      0x130
                0x08000000                        . = ALIGN (0x4)
 *(.isr_vector)
 .isr_vector    0x08000000      0x130 CMakeFiles/buzzer_test_0701.dir/Src/startup_stm32f103xx.S.obj
                0x08000000                g_pfnVectors
                0x08000130                        . = ALIGN (0x4)

.text           0x08000130      0x520
                0x08000130                        . = ALIGN (0x4)
 *(.text)
 .text          0x08000130       0x40 C:/Users/wnwnd/AppData/Local/stm32cube/bundles/gnu-tools-for-stm32/14.3.1+st.2/bin/../lib/gcc/arm-none-eabi/14.3.1/thumb/v7-m/nofp/crtbegin.o
 *(.text*)
 .text.__libc_init_array
                0x08000170       0x50 C:/Users/wnwnd/AppData/Local/stm32cube/bundles/gnu-tools-for-stm32/14.3.1+st.2/bin/../lib/gcc/arm-none-eabi/14.3.1/../../../../arm-none-eabi/lib/thumb/v7-m/nofp\libc.a(libc_a-init.o)
                0x08000170                __libc_init_array
 .text.__retarget_lock_acquire_recursive
                0x080001c0        0x4 C:/Users/wnwnd/AppData/Local/stm32cube/bundles/gnu-tools-for-stm32/14.3.1+st.2/bin/../lib/gcc/arm-none-eabi/14.3.1/../../../../arm-none-eabi/lib/thumb/v7-m/nofp\libc.a(libc_a-lock.o)
                0x080001c0                __retarget_lock_acquire_recursive
 .text.__retarget_lock_release_recursive
                0x080001c4        0x4 C:/Users/wnwnd/AppData/Local/stm32cube/bundles/gnu-tools-for-stm32/14.3.1+st.2/bin/../lib/gcc/arm-none-eabi/14.3.1/../../../../arm-none-eabi/lib/thumb/v7-m/nofp\libc.a(libc_a-lock.o)
                0x080001c4                __retarget_lock_release_recursive
 .text.startup.register_fini
                0x080001c8       0x14 C:/Users/wnwnd/AppData/Local/stm32cube/bundles/gnu-tools-for-stm32/14.3.1+st.2/bin/../lib/gcc/arm-none-eabi/14.3.1/../../../../arm-none-eabi/lib/thumb/v7-m/nofp\libc.a(libc_a-__call_atexit.o)
 .text.atexit   0x080001dc        0xc C:/Users/wnwnd/AppData/Local/stm32cube/bundles/gnu-tools-for-stm32/14.3.1+st.2/bin/../lib/gcc/arm-none-eabi/14.3.1/../../../../arm-none-eabi/lib/thumb/v7-m/nofp\libc.a(libc_a-atexit.o)
                0x080001dc                atexit
 .text.__libc_fini_array
                0x080001e8       0x28 C:/Users/wnwnd/AppData/Local/stm32cube/bundles/gnu-tools-for-stm32/14.3.1+st.2/bin/../lib/gcc/arm-none-eabi/14.3.1/../../../../arm-none-eabi/lib/thumb/v7-m/nofp\libc.a(libc_a-fini.o)
                0x080001e8                __libc_fini_array
 .text.__register_exitproc
                0x08000210       0x80 C:/Users/wnwnd/AppData/Local/stm32cube/bundles/gnu-tools-for-stm32/14.3.1+st.2/bin/../lib/gcc/arm-none-eabi/14.3.1/../../../../arm-none-eabi/lib/thumb/v7-m/nofp\libc.a(libc_a-__atexit.o)
                0x08000210                __register_exitproc
 .text.SystemInit
                0x08000290       0x34 CMakeFiles/buzzer_test_0701.dir/Src/main.c.obj
                0x08000290                SystemInit
 .text.led_gpio_init
                0x080002c4       0x30 CMakeFiles/buzzer_test_0701.dir/Src/main.c.obj
 .text.led_write
                0x080002f4       0x48 CMakeFiles/buzzer_test_0701.dir/Src/main.c.obj
 .text.nvic_enable_irq
                0x0800033c       0x3c CMakeFiles/buzzer_test_0701.dir/Src/main.c.obj
 .text.uart2_init
                0x08000378       0x5c CMakeFiles/buzzer_test_0701.dir/Src/main.c.obj
 .text.uart2_write_async
                0x080003d4       0x2c CMakeFiles/buzzer_test_0701.dir/Src/main.c.obj
 .text.schedule_led_uart_message
                0x08000400       0x34 CMakeFiles/buzzer_test_0701.dir/Src/main.c.obj
 .text.led_state_start
                0x08000434       0x30 CMakeFiles/buzzer_test_0701.dir/Src/main.c.obj
 .text.tim2_1s_interrupt_init
                0x08000464       0x64 CMakeFiles/buzzer_test_0701.dir/Src/main.c.obj
 .text.TIM2_IRQHandler
                0x080004c8       0x9c CMakeFiles/buzzer_test_0701.dir/Src/main.c.obj
                0x080004c8                TIM2_IRQHandler
 .text.USART2_IRQHandler
                0x08000564       0x64 CMakeFiles/buzzer_test_0701.dir/Src/main.c.obj
                0x08000564                USART2_IRQHandler
 .text.main     0x080005c8       0x1a CMakeFiles/buzzer_test_0701.dir/Src/main.c.obj
                0x080005c8                main
 *fill*         0x080005e2        0x2 
 .text.Reset_Handler
                0x080005e4       0x50 CMakeFiles/buzzer_test_0701.dir/Src/startup_stm32f103xx.S.obj
                0x080005e4                Reset_Handler
 .text.Default_Handler
                0x08000634        0x2 CMakeFiles/buzzer_test_0701.dir/Src/startup_stm32f103xx.S.obj
                0x08000634                EXTI2_IRQHandler
                0x08000634                TIM8_TRG_COM_IRQHandler
                0x08000634                TIM8_CC_IRQHandler
                0x08000634                DebugMon_Handler
                0x08000634                TIM1_CC_IRQHandler
                0x08000634                HardFault_Handler
                0x08000634                TIM6_IRQHandler
                0x08000634                SysTick_Handler
                0x08000634                PVD_IRQHandler
                0x08000634                SDIO_IRQHandler
                0x08000634                PendSV_Handler
                0x08000634                NMI_Handler
                0x08000634                EXTI3_IRQHandler
                0x08000634                USB_HP_CAN_TX_IRQHandler
                0x08000634                EXTI0_IRQHandler
                0x08000634                I2C2_EV_IRQHandler
                0x08000634                UsageFault_Handler
                0x08000634                ADC1_2_IRQHandler
                0x08000634                SPI1_IRQHandler
                0x08000634                CAN_SCE_IRQHandler
                0x08000634                TAMPER_IRQHandler
                0x08000634                TIM8_UP_IRQHandler
                0x08000634                DMA2_Channel2_IRQHandler
                0x08000634                DMA1_Channel4_IRQHandler
                0x08000634                USART3_IRQHandler
                0x08000634                RTC_IRQHandler
                0x08000634                DMA1_Channel7_IRQHandler
                0x08000634                UART5_IRQHandler
                0x08000634                ADC3_IRQHandler
                0x08000634                TIM4_IRQHandler
                0x08000634                CAN_RX1_IRQHandler
                0x08000634                DMA2_Channel1_IRQHandler
                0x08000634                I2C1_EV_IRQHandler
                0x08000634                DMA1_Channel6_IRQHandler
                0x08000634                UART4_IRQHandler
                0x08000634                TIM3_IRQHandler
                0x08000634                RCC_IRQHandler
                0x08000634                TIM1_TRG_COM_IRQHandler
                0x08000634                DMA1_Channel1_IRQHandler
                0x08000634                Default_Handler
                0x08000634                EXTI15_10_IRQHandler
                0x08000634                TIM7_IRQHandler
                0x08000634                TIM5_IRQHandler
                0x08000634                EXTI9_5_IRQHandler
                0x08000634                SPI2_IRQHandler
                0x08000634                USB_LP_CAN_RX0_IRQHandler
                0x08000634                MemManage_Handler
                0x08000634                SVC_Handler
                0x08000634                DMA1_Channel5_IRQHandler
                0x08000634                EXTI4_IRQHandler
                0x08000634                DMA1_Channel3_IRQHandler
                0x08000634                FSMC_IRQHandler
                0x08000634                TIM1_UP_IRQHandler
                0x08000634                WWDG_IRQHandler
                0x08000634                TIM1_BRK_IRQHandler
                0x08000634                EXTI1_IRQHandler
                0x08000634                RTCAlarm_IRQHandler
                0x08000634                DMA2_Channel4_5_IRQHandler
                0x08000634                I2C2_ER_IRQHandler
                0x08000634                DMA1_Channel2_IRQHandler
                0x08000634                TIM8_BRK_IRQHandler
                0x08000634                FLASH_IRQHandler
                0x08000634                BusFault_Handler
                0x08000634                USART1_IRQHandler
                0x08000634                SPI3_IRQHandler
                0x08000634                I2C1_ER_IRQHandler
                0x08000634                DMA2_Channel3_IRQHandler
 *(.glue_7)
 .glue_7        0x08000636        0x0 linker stubs
 *(.glue_7t)
 .glue_7t       0x08000636        0x0 linker stubs
 *(.eh_frame)
 *fill*         0x08000636        0x2 
 .eh_frame      0x08000638        0x0 C:/Users/wnwnd/AppData/Local/stm32cube/bundles/gnu-tools-for-stm32/14.3.1+st.2/bin/../lib/gcc/arm-none-eabi/14.3.1/thumb/v7-m/nofp/crtbegin.o
 *(.init)
 .init          0x08000638        0x4 C:/Users/wnwnd/AppData/Local/stm32cube/bundles/gnu-tools-for-stm32/14.3.1+st.2/bin/../lib/gcc/arm-none-eabi/14.3.1/thumb/v7-m/nofp/crti.o
                0x08000638                _init
 .init          0x0800063c        0x8 C:/Users/wnwnd/AppData/Local/stm32cube/bundles/gnu-tools-for-stm32/14.3.1+st.2/bin/../lib/gcc/arm-none-eabi/14.3.1/thumb/v7-m/nofp/crtn.o
 *(.fini)
 .fini          0x08000644        0x4 C:/Users/wnwnd/AppData/Local/stm32cube/bundles/gnu-tools-for-stm32/14.3.1+st.2/bin/../lib/gcc/arm-none-eabi/14.3.1/thumb/v7-m/nofp/crti.o
                0x08000644                _fini
 .fini          0x08000648        0x8 C:/Users/wnwnd/AppData/Local/stm32cube/bundles/gnu-tools-for-stm32/14.3.1+st.2/bin/../lib/gcc/arm-none-eabi/14.3.1/thumb/v7-m/nofp/crtn.o
                0x08000650                        . = ALIGN (0x4)
                0x08000650                        _etext = .

.vfp11_veneer   0x08000650        0x0
 .vfp11_veneer  0x08000650        0x0 linker stubs

.v4_bx          0x08000650        0x0
 .v4_bx         0x08000650        0x0 linker stubs

.iplt           0x08000650        0x0
 .iplt          0x08000650        0x0 C:/Users/wnwnd/AppData/Local/stm32cube/bundles/gnu-tools-for-stm32/14.3.1+st.2/bin/../lib/gcc/arm-none-eabi/14.3.1/thumb/v7-m/nofp/crtbegin.o

.rodata         0x08000650       0x10
                0x08000650                        . = ALIGN (0x4)
 *(.rodata)
 .rodata        0x08000650        0xe CMakeFiles/buzzer_test_0701.dir/Src/main.c.obj
 *(.rodata*)
                0x08000660                        . = ALIGN (0x4)
 *fill*         0x0800065e        0x2 

.ARM.extab      0x08000660        0x0
                0x08000660                        . = ALIGN (0x4)
 *(.ARM.extab* .gnu.linkonce.armextab.*)
                0x08000660                        . = ALIGN (0x4)

.ARM            0x08000660        0x0
                0x08000660                        . = ALIGN (0x4)
                0x08000660                        __exidx_start = .
 *(.ARM.exidx*)
                0x08000660                        __exidx_end = .
                0x08000660                        . = ALIGN (0x4)

.preinit_array  0x08000660        0x0
                0x08000660                        . = ALIGN (0x4)
                0x08000660                        PROVIDE (__preinit_array_start = .)
 *(.preinit_array*)
                0x08000660                        PROVIDE (__preinit_array_end = .)
                0x08000660                        . = ALIGN (0x4)

.init_array     0x08000660        0x8
                0x08000660                        . = ALIGN (0x4)
                0x08000660                        PROVIDE (__init_array_start = .)
 *(SORT_BY_NAME(.init_array.*))
 .init_array.00000
                0x08000660        0x4 C:/Users/wnwnd/AppData/Local/stm32cube/bundles/gnu-tools-for-stm32/14.3.1+st.2/bin/../lib/gcc/arm-none-eabi/14.3.1/../../../../arm-none-eabi/lib/thumb/v7-m/nofp\libc.a(libc_a-__call_atexit.o)
 *(.init_array*)
 .init_array    0x08000664        0x4 C:/Users/wnwnd/AppData/Local/stm32cube/bundles/gnu-tools-for-stm32/14.3.1+st.2/bin/../lib/gcc/arm-none-eabi/14.3.1/thumb/v7-m/nofp/crtbegin.o
                0x08000668                        PROVIDE (__init_array_end = .)
                0x08000668                        . = ALIGN (0x4)

.fini_array     0x08000668        0x4
                0x08000668                        . = ALIGN (0x4)
                0x08000668                        PROVIDE (__fini_array_start = .)
 *(SORT_BY_NAME(.fini_array.*))
 *(.fini_array*)
 .fini_array    0x08000668        0x4 C:/Users/wnwnd/AppData/Local/stm32cube/bundles/gnu-tools-for-stm32/14.3.1+st.2/bin/../lib/gcc/arm-none-eabi/14.3.1/thumb/v7-m/nofp/crtbegin.o
                0x0800066c                        PROVIDE (__fini_array_end = .)
                0x0800066c                        . = ALIGN (0x4)
                0x0800066c                        _sidata = LOADADDR (.data)

.rel.dyn        0x0800066c        0x0
 .rel.iplt      0x0800066c        0x0 C:/Users/wnwnd/AppData/Local/stm32cube/bundles/gnu-tools-for-stm32/14.3.1+st.2/bin/../lib/gcc/arm-none-eabi/14.3.1/thumb/v7-m/nofp/crtbegin.o

.data           0x20000000        0x4 load address 0x0800066c
                0x20000000                        _sdata = .
 *(.data)
 *(.data*)
 .data.__atexit_recursive_mutex
                0x20000000        0x4 C:/Users/wnwnd/AppData/Local/stm32cube/bundles/gnu-tools-for-stm32/14.3.1+st.2/bin/../lib/gcc/arm-none-eabi/14.3.1/../../../../arm-none-eabi/lib/thumb/v7-m/nofp\libc.a(libc_a-__call_atexit.o)
                0x20000000                __atexit_recursive_mutex
 *(.RamFunc)
 *(.RamFunc*)
                0x20000004                        . = ALIGN (0x4)

.igot.plt       0x20000004        0x0 load address 0x08000670
 .igot.plt      0x20000004        0x0 C:/Users/wnwnd/AppData/Local/stm32cube/bundles/gnu-tools-for-stm32/14.3.1+st.2/bin/../lib/gcc/arm-none-eabi/14.3.1/thumb/v7-m/nofp/crtbegin.o

.tdata          0x20000004        0x0 load address 0x08000670
 *(.tdata .tdata.* .gnu.linkonce.td.*)
                0x20000004                        . = ALIGN (0x4)
                0x20000004                        _edata = .
                [!provide]                        PROVIDE (__data_end = .)
                [!provide]                        PROVIDE (__tdata_end = .)
                [!provide]                        PROVIDE (__tdata_start = ADDR (.tdata))
                [!provide]                        PROVIDE (__tdata_size = (__tdata_end - __tdata_start))
                [!provide]                        PROVIDE (__data_start = ADDR (.data))
                [!provide]                        PROVIDE (__data_size = (__data_end - __data_start))
                [!provide]                        PROVIDE (__tdata_source = LOADADDR (.tdata))
                [!provide]                        PROVIDE (__tdata_source_end = (LOADADDR (.tdata) + SIZEOF (.tdata)))
                [!provide]                        PROVIDE (__tdata_source_size = (__tdata_source_end - __tdata_source))
                [!provide]                        PROVIDE (__data_source = LOADADDR (.data))
                [!provide]                        PROVIDE (__data_source_end = __tdata_source_end)
                [!provide]                        PROVIDE (__data_source_size = (__data_source_end - __data_source))

.tbss           0x20000004        0x0 load address 0x08000670
                0x20000004                        _sbss = .
                0x20000004                        __bss_start__ = _sbss
                [!provide]                        PROVIDE (__bss_start = .)
 *(.tbss .tbss.*)
                0x20000004                        . = ALIGN (0x4)
                [!provide]                        PROVIDE (__tbss_end = .)
                [!provide]                        PROVIDE (__tbss_start = ADDR (.tbss))
                [!provide]                        PROVIDE (__tbss_size = (__tbss_end - __tbss_start))
                [!provide]                        PROVIDE (__tbss_offset = (ADDR (.tbss) - ADDR (.tdata)))
                [!provide]                        PROVIDE (__tls_base = __tdata_start)
                [!provide]                        PROVIDE (__tls_end = __tbss_end)
                [!provide]                        PROVIDE (__tls_size = (__tls_end - __tls_base))
                [!provide]                        PROVIDE (__tls_align = MAX (ALIGNOF (.tdata), ALIGNOF (.tbss)))
                [!provide]                        PROVIDE (__tls_size_align = (((__tls_size + __tls_align) - 0x1) & ~ ((__tls_align - 0x1))))
                [!provide]                        PROVIDE (__arm32_tls_tcb_offset = MAX (0x8, __tls_align))
                [!provide]                        PROVIDE (__arm64_tls_tcb_offset = MAX (0x10, __tls_align))

.bss            0x20000004      0x1cc load address 0x08000670
 *(.bss)
 .bss           0x20000004       0x1c C:/Users/wnwnd/AppData/Local/stm32cube/bundles/gnu-tools-for-stm32/14.3.1+st.2/bin/../lib/gcc/arm-none-eabi/14.3.1/thumb/v7-m/nofp/crtbegin.o
 *(.bss*)
 .bss.__lock___atexit_recursive_mutex
                0x20000020        0x1 C:/Users/wnwnd/AppData/Local/stm32cube/bundles/gnu-tools-for-stm32/14.3.1+st.2/bin/../lib/gcc/arm-none-eabi/14.3.1/../../../../arm-none-eabi/lib/thumb/v7-m/nofp\libc.a(libc_a-lock.o)
                0x20000020                __lock___atexit_recursive_mutex
 *fill*         0x20000021        0x3 
 .bss.__atexit  0x20000024        0x4 C:/Users/wnwnd/AppData/Local/stm32cube/bundles/gnu-tools-for-stm32/14.3.1+st.2/bin/../lib/gcc/arm-none-eabi/14.3.1/../../../../arm-none-eabi/lib/thumb/v7-m/nofp\libc.a(libc_a-__call_atexit.o)
                0x20000024                __atexit
 .bss.__atexit0
                0x20000028      0x190 C:/Users/wnwnd/AppData/Local/stm32cube/bundles/gnu-tools-for-stm32/14.3.1+st.2/bin/../lib/gcc/arm-none-eabi/14.3.1/../../../../arm-none-eabi/lib/thumb/v7-m/nofp\libc.a(libc_a-__atexit.o)
                0x20000028                __atexit0
 .bss.led_is_on
                0x200001b8        0x4 CMakeFiles/buzzer_test_0701.dir/Src/main.c.obj
 .bss.led_elapsed_ticks
                0x200001bc        0x4 CMakeFiles/buzzer_test_0701.dir/Src/main.c.obj
 .bss.led_target_ticks
                0x200001c0        0x4 CMakeFiles/buzzer_test_0701.dir/Src/main.c.obj
 .bss.uart_delay_ticks
                0x200001c4        0x4 CMakeFiles/buzzer_test_0701.dir/Src/main.c.obj
 .bss.uart_pending_led_on
                0x200001c8        0x4 CMakeFiles/buzzer_test_0701.dir/Src/main.c.obj
 .bss.uart_tx_text
                0x200001cc        0x4 CMakeFiles/buzzer_test_0701.dir/Src/main.c.obj
 *(COMMON)
                0x200001d0                        . = ALIGN (0x4)
                0x200001d0                        _ebss = .
                0x200001d0                        __bss_end__ = _ebss
                [!provide]                        PROVIDE (__bss_end = .)
                [!provide]                        PROVIDE (__bss_size = (__bss_end - __bss_start))
                [!provide]                        PROVIDE (__non_tls_bss_start = ADDR (.bss))

._user_heap_stack
                0x200001d0      0x600 load address 0x08000670
                0x200001d0                        . = ALIGN (0x8)
                [!provide]                        PROVIDE (end = .)
                0x200001d0                        PROVIDE (_end = .)
                0x200003d0                        . = (. + _Min_Heap_Size)
 *fill*         0x200001d0      0x200 
                0x200007d0                        . = (. + _Min_Stack_Size)
 *fill*         0x200003d0      0x400 
                0x200007d0                        . = ALIGN (0x8)

/DISCARD/
 libc.a:*(*)
 libm.a:*(*)
 libgcc.a:*(*)

.ARM.attributes
                0x00000000       0x29
 *(.ARM.attributes)
 .ARM.attributes
                0x00000000       0x1d C:/Users/wnwnd/AppData/Local/stm32cube/bundles/gnu-tools-for-stm32/14.3.1+st.2/bin/../lib/gcc/arm-none-eabi/14.3.1/thumb/v7-m/nofp/crti.o
 .ARM.attributes
                0x0000001d       0x2d C:/Users/wnwnd/AppData/Local/stm32cube/bundles/gnu-tools-for-stm32/14.3.1+st.2/bin/../lib/gcc/arm-none-eabi/14.3.1/thumb/v7-m/nofp/crtbegin.o
 .ARM.attributes
                0x0000004a       0x2d C:/Users/wnwnd/AppData/Local/stm32cube/bundles/gnu-tools-for-stm32/14.3.1+st.2/bin/../lib/gcc/arm-none-eabi/14.3.1/../../../../arm-none-eabi/lib/thumb/v7-m/nofp\libc.a(libc_a-init.o)
 .ARM.attributes
                0x00000077       0x2d C:/Users/wnwnd/AppData/Local/stm32cube/bundles/gnu-tools-for-stm32/14.3.1+st.2/bin/../lib/gcc/arm-none-eabi/14.3.1/../../../../arm-none-eabi/lib/thumb/v7-m/nofp\libc.a(libc_a-lock.o)
 .ARM.attributes
                0x000000a4       0x2d C:/Users/wnwnd/AppData/Local/stm32cube/bundles/gnu-tools-for-stm32/14.3.1+st.2/bin/../lib/gcc/arm-none-eabi/14.3.1/../../../../arm-none-eabi/lib/thumb/v7-m/nofp\libc.a(libc_a-__call_atexit.o)
 .ARM.attributes
                0x000000d1       0x2d C:/Users/wnwnd/AppData/Local/stm32cube/bundles/gnu-tools-for-stm32/14.3.1+st.2/bin/../lib/gcc/arm-none-eabi/14.3.1/../../../../arm-none-eabi/lib/thumb/v7-m/nofp\libc.a(libc_a-atexit.o)
 .ARM.attributes
                0x000000fe       0x2d C:/Users/wnwnd/AppData/Local/stm32cube/bundles/gnu-tools-for-stm32/14.3.1+st.2/bin/../lib/gcc/arm-none-eabi/14.3.1/../../../../arm-none-eabi/lib/thumb/v7-m/nofp\libc.a(libc_a-fini.o)
 .ARM.attributes
                0x0000012b       0x2d C:/Users/wnwnd/AppData/Local/stm32cube/bundles/gnu-tools-for-stm32/14.3.1+st.2/bin/../lib/gcc/arm-none-eabi/14.3.1/../../../../arm-none-eabi/lib/thumb/v7-m/nofp\libc.a(libc_a-__atexit.o)
 .ARM.attributes
                0x00000158       0x2d CMakeFiles/buzzer_test_0701.dir/Src/main.c.obj
 .ARM.attributes
                0x00000185       0x21 CMakeFiles/buzzer_test_0701.dir/Src/startup_stm32f103xx.S.obj
 .ARM.attributes
                0x000001a6       0x1d C:/Users/wnwnd/AppData/Local/stm32cube/bundles/gnu-tools-for-stm32/14.3.1+st.2/bin/../lib/gcc/arm-none-eabi/14.3.1/thumb/v7-m/nofp/crtn.o
OUTPUT(buzzer_test_0701.elf elf32-littlearm)
LOAD linker stubs

.debug_frame    0x00000000      0x350
 .debug_frame   0x00000000       0x2c C:/Users/wnwnd/AppData/Local/stm32cube/bundles/gnu-tools-for-stm32/14.3.1+st.2/bin/../lib/gcc/arm-none-eabi/14.3.1/../../../../arm-none-eabi/lib/thumb/v7-m/nofp\libc.a(libc_a-init.o)
 .debug_frame   0x0000002c       0xb0 C:/Users/wnwnd/AppData/Local/stm32cube/bundles/gnu-tools-for-stm32/14.3.1+st.2/bin/../lib/gcc/arm-none-eabi/14.3.1/../../../../arm-none-eabi/lib/thumb/v7-m/nofp\libc.a(libc_a-lock.o)
 .debug_frame   0x000000dc       0x5c C:/Users/wnwnd/AppData/Local/stm32cube/bundles/gnu-tools-for-stm32/14.3.1+st.2/bin/../lib/gcc/arm-none-eabi/14.3.1/../../../../arm-none-eabi/lib/thumb/v7-m/nofp\libc.a(libc_a-__call_atexit.o)
 .debug_frame   0x00000138       0x20 C:/Users/wnwnd/AppData/Local/stm32cube/bundles/gnu-tools-for-stm32/14.3.1+st.2/bin/../lib/gcc/arm-none-eabi/14.3.1/../../../../arm-none-eabi/lib/thumb/v7-m/nofp\libc.a(libc_a-atexit.o)
 .debug_frame   0x00000158       0x34 C:/Users/wnwnd/AppData/Local/stm32cube/bundles/gnu-tools-for-stm32/14.3.1+st.2/bin/../lib/gcc/arm-none-eabi/14.3.1/../../../../arm-none-eabi/lib/thumb/v7-m/nofp\libc.a(libc_a-fini.o)
 .debug_frame   0x0000018c       0x34 C:/Users/wnwnd/AppData/Local/stm32cube/bundles/gnu-tools-for-stm32/14.3.1+st.2/bin/../lib/gcc/arm-none-eabi/14.3.1/../../../../arm-none-eabi/lib/thumb/v7-m/nofp\libc.a(libc_a-__atexit.o)
 .debug_frame   0x000001c0      0x190 CMakeFiles/buzzer_test_0701.dir/Src/main.c.obj

.debug_info     0x00000000      0x31d
 .debug_info    0x00000000      0x2ed CMakeFiles/buzzer_test_0701.dir/Src/main.c.obj
 .debug_info    0x000002ed       0x30 CMakeFiles/buzzer_test_0701.dir/Src/startup_stm32f103xx.S.obj

.debug_abbrev   0x00000000      0x1be
 .debug_abbrev  0x00000000      0x19a CMakeFiles/buzzer_test_0701.dir/Src/main.c.obj
 .debug_abbrev  0x0000019a       0x24 CMakeFiles/buzzer_test_0701.dir/Src/startup_stm32f103xx.S.obj

.debug_aranges  0x00000000       0xa0
 .debug_aranges
                0x00000000       0x78 CMakeFiles/buzzer_test_0701.dir/Src/main.c.obj
 .debug_aranges
                0x00000078       0x28 CMakeFiles/buzzer_test_0701.dir/Src/startup_stm32f103xx.S.obj

.debug_rnglists
                0x00000000       0x7b
 .debug_rnglists
                0x00000000       0x62 CMakeFiles/buzzer_test_0701.dir/Src/main.c.obj
 .debug_rnglists
                0x00000062       0x19 CMakeFiles/buzzer_test_0701.dir/Src/startup_stm32f103xx.S.obj

.debug_macro    0x00000000     0x104e
 .debug_macro   0x00000000      0x13b CMakeFiles/buzzer_test_0701.dir/Src/main.c.obj
 .debug_macro   0x0000013b      0xac6 CMakeFiles/buzzer_test_0701.dir/Src/main.c.obj
 .debug_macro   0x00000c01       0x22 CMakeFiles/buzzer_test_0701.dir/Src/main.c.obj
 .debug_macro   0x00000c23       0x8e CMakeFiles/buzzer_test_0701.dir/Src/main.c.obj
 .debug_macro   0x00000cb1       0x51 CMakeFiles/buzzer_test_0701.dir/Src/main.c.obj
 .debug_macro   0x00000d02      0x103 CMakeFiles/buzzer_test_0701.dir/Src/main.c.obj
 .debug_macro   0x00000e05       0x6a CMakeFiles/buzzer_test_0701.dir/Src/main.c.obj
 .debug_macro   0x00000e6f      0x1df CMakeFiles/buzzer_test_0701.dir/Src/main.c.obj

.debug_line     0x00000000      0x5d9
 .debug_line    0x00000000      0x55e CMakeFiles/buzzer_test_0701.dir/Src/main.c.obj
 .debug_line    0x0000055e       0x7b CMakeFiles/buzzer_test_0701.dir/Src/startup_stm32f103xx.S.obj

.debug_str      0x00000000     0x4318
 .debug_str     0x00000000     0x4318 CMakeFiles/buzzer_test_0701.dir/Src/main.c.obj
                               0x4425 (size before relaxing)
 .debug_str     0x00004318       0x9c CMakeFiles/buzzer_test_0701.dir/Src/startup_stm32f103xx.S.obj

.comment        0x00000000       0x43
 .comment       0x00000000       0x43 CMakeFiles/buzzer_test_0701.dir/Src/main.c.obj
                                 0x44 (size before relaxing)

.debug_line_str
                0x00000000       0x80
 .debug_line_str
                0x00000000       0x80 CMakeFiles/buzzer_test_0701.dir/Src/startup_stm32f103xx.S.obj
