Archive member included to satisfy reference by file (symbol)

C:/Users/wnwnd/AppData/Local/stm32cube/bundles/gnu-tools-for-stm32/14.3.1+st.2/bin/../lib/gcc/arm-none-eabi/14.3.1/../../../../arm-none-eabi/lib/thumb/v7-m/nofp\libc.a(libc_a-exit.o)
                              C:/Users/wnwnd/AppData/Local/stm32cube/bundles/gnu-tools-for-stm32/14.3.1+st.2/bin/../lib/gcc/arm-none-eabi/14.3.1/../../../../arm-none-eabi/lib/thumb/v7-m/nofp/crt0.o (exit)
C:/Users/wnwnd/AppData/Local/stm32cube/bundles/gnu-tools-for-stm32/14.3.1+st.2/bin/../lib/gcc/arm-none-eabi/14.3.1/../../../../arm-none-eabi/lib/thumb/v7-m/nofp\libc.a(libc_a-findfp.o)
                              C:/Users/wnwnd/AppData/Local/stm32cube/bundles/gnu-tools-for-stm32/14.3.1+st.2/bin/../lib/gcc/arm-none-eabi/14.3.1/../../../../arm-none-eabi/lib/thumb/v7-m/nofp\libc.a(libc_a-exit.o) (__stdio_exit_handler)
C:/Users/wnwnd/AppData/Local/stm32cube/bundles/gnu-tools-for-stm32/14.3.1+st.2/bin/../lib/gcc/arm-none-eabi/14.3.1/../../../../arm-none-eabi/lib/thumb/v7-m/nofp\libc.a(libc_a-fwalk.o)
                              C:/Users/wnwnd/AppData/Local/stm32cube/bundles/gnu-tools-for-stm32/14.3.1+st.2/bin/../lib/gcc/arm-none-eabi/14.3.1/../../../../arm-none-eabi/lib/thumb/v7-m/nofp\libc.a(libc_a-findfp.o) (_fwalk_sglue)
C:/Users/wnwnd/AppData/Local/stm32cube/bundles/gnu-tools-for-stm32/14.3.1+st.2/bin/../lib/gcc/arm-none-eabi/14.3.1/../../../../arm-none-eabi/lib/thumb/v7-m/nofp\libc.a(libc_a-stdio.o)
                              C:/Users/wnwnd/AppData/Local/stm32cube/bundles/gnu-tools-for-stm32/14.3.1+st.2/bin/../lib/gcc/arm-none-eabi/14.3.1/../../../../arm-none-eabi/lib/thumb/v7-m/nofp\libc.a(libc_a-findfp.o) (__sread)
C:/Users/wnwnd/AppData/Local/stm32cube/bundles/gnu-tools-for-stm32/14.3.1+st.2/bin/../lib/gcc/arm-none-eabi/14.3.1/../../../../arm-none-eabi/lib/thumb/v7-m/nofp\libc.a(libc_a-memset.o)
                              C:/Users/wnwnd/AppData/Local/stm32cube/bundles/gnu-tools-for-stm32/14.3.1+st.2/bin/../lib/gcc/arm-none-eabi/14.3.1/../../../../arm-none-eabi/lib/thumb/v7-m/nofp/crt0.o (memset)
C:/Users/wnwnd/AppData/Local/stm32cube/bundles/gnu-tools-for-stm32/14.3.1+st.2/bin/../lib/gcc/arm-none-eabi/14.3.1/../../../../arm-none-eabi/lib/thumb/v7-m/nofp\libc.a(libc_a-closer.o)
                              C:/Users/wnwnd/AppData/Local/stm32cube/bundles/gnu-tools-for-stm32/14.3.1+st.2/bin/../lib/gcc/arm-none-eabi/14.3.1/../../../../arm-none-eabi/lib/thumb/v7-m/nofp\libc.a(libc_a-stdio.o) (_close_r)
C:/Users/wnwnd/AppData/Local/stm32cube/bundles/gnu-tools-for-stm32/14.3.1+st.2/bin/../lib/gcc/arm-none-eabi/14.3.1/../../../../arm-none-eabi/lib/thumb/v7-m/nofp\libc.a(libc_a-reent.o)
                              C:/Users/wnwnd/AppData/Local/stm32cube/bundles/gnu-tools-for-stm32/14.3.1+st.2/bin/../lib/gcc/arm-none-eabi/14.3.1/../../../../arm-none-eabi/lib/thumb/v7-m/nofp\libc.a(libc_a-closer.o) (errno)
C:/Users/wnwnd/AppData/Local/stm32cube/bundles/gnu-tools-for-stm32/14.3.1+st.2/bin/../lib/gcc/arm-none-eabi/14.3.1/../../../../arm-none-eabi/lib/thumb/v7-m/nofp\libc.a(libc_a-impure.o)
                              C:/Users/wnwnd/AppData/Local/stm32cube/bundles/gnu-tools-for-stm32/14.3.1+st.2/bin/../lib/gcc/arm-none-eabi/14.3.1/../../../../arm-none-eabi/lib/thumb/v7-m/nofp\libc.a(libc_a-reent.o) (_impure_ptr)
C:/Users/wnwnd/AppData/Local/stm32cube/bundles/gnu-tools-for-stm32/14.3.1+st.2/bin/../lib/gcc/arm-none-eabi/14.3.1/../../../../arm-none-eabi/lib/thumb/v7-m/nofp\libc.a(libc_a-lseekr.o)
                              C:/Users/wnwnd/AppData/Local/stm32cube/bundles/gnu-tools-for-stm32/14.3.1+st.2/bin/../lib/gcc/arm-none-eabi/14.3.1/../../../../arm-none-eabi/lib/thumb/v7-m/nofp\libc.a(libc_a-stdio.o) (_lseek_r)
C:/Users/wnwnd/AppData/Local/stm32cube/bundles/gnu-tools-for-stm32/14.3.1+st.2/bin/../lib/gcc/arm-none-eabi/14.3.1/../../../../arm-none-eabi/lib/thumb/v7-m/nofp\libc.a(libc_a-readr.o)
                              C:/Users/wnwnd/AppData/Local/stm32cube/bundles/gnu-tools-for-stm32/14.3.1+st.2/bin/../lib/gcc/arm-none-eabi/14.3.1/../../../../arm-none-eabi/lib/thumb/v7-m/nofp\libc.a(libc_a-stdio.o) (_read_r)
C:/Users/wnwnd/AppData/Local/stm32cube/bundles/gnu-tools-for-stm32/14.3.1+st.2/bin/../lib/gcc/arm-none-eabi/14.3.1/../../../../arm-none-eabi/lib/thumb/v7-m/nofp\libc.a(libc_a-writer.o)
                              C:/Users/wnwnd/AppData/Local/stm32cube/bundles/gnu-tools-for-stm32/14.3.1+st.2/bin/../lib/gcc/arm-none-eabi/14.3.1/../../../../arm-none-eabi/lib/thumb/v7-m/nofp\libc.a(libc_a-stdio.o) (_write_r)
C:/Users/wnwnd/AppData/Local/stm32cube/bundles/gnu-tools-for-stm32/14.3.1+st.2/bin/../lib/gcc/arm-none-eabi/14.3.1/../../../../arm-none-eabi/lib/thumb/v7-m/nofp\libc.a(libc_a-init.o)
                              C:/Users/wnwnd/AppData/Local/stm32cube/bundles/gnu-tools-for-stm32/14.3.1+st.2/bin/../lib/gcc/arm-none-eabi/14.3.1/../../../../arm-none-eabi/lib/thumb/v7-m/nofp/crt0.o (__libc_init_array)
[...]
Memory Configuration

Name             Origin             Length             Attributes
RAM              0x20000000         0x00005000         xrw
FLASH            0x08000000         0x00020000         xr
*default*        0x00000000         0xffffffff

Linker script and memory map

LOAD C:/Users/wnwnd/AppData/Local/stm32cube/bundles/gnu-tools-for-stm32/14.3.1+st.2/bin/../lib/gcc/arm-none-eabi/14.3.1/thumb/v7-m/nofp/crti.o
LOAD C:/Users/wnwnd/AppData/Local/stm32cube/bundles/gnu-tools-for-stm32/14.3.1+st.2/bin/../lib/gcc/arm-none-eabi/14.3.1/thumb/v7-m/nofp/crtbegin.o
LOAD C:/Users/wnwnd/AppData/Local/stm32cube/bundles/gnu-tools-for-stm32/14.3.1+st.2/bin/../lib/gcc/arm-none-eabi/14.3.1/../../../../arm-none-eabi/lib/thumb/v7-m/nofp/crt0.o
START GROUP
LOAD C:/Users/wnwnd/AppData/Local/stm32cube/bundles/gnu-tools-for-stm32/14.3.1+st.2/bin/../lib/gcc/arm-none-eabi/14.3.1/../../../../arm-none-eabi/lib/thumb/v7-m/nofp\libc.a
LOAD C:/Users/wnwnd/AppData/Local/stm32cube/bundles/gnu-tools-for-stm32/14.3.1+st.2/bin/../lib/gcc/arm-none-eabi/14.3.1/../../../../arm-none-eabi/lib/thumb/v7-m/nofp\libm.a
LOAD C:/Users/wnwnd/AppData/Local/stm32cube/bundles/gnu-tools-for-stm32/14.3.1+st.2/bin/../lib/gcc/arm-none-eabi/14.3.1/../../../../arm-none-eabi/lib/thumb/v7-m/nofp\libstdc++.a
LOAD C:/Users/wnwnd/AppData/Local/stm32cube/bundles/gnu-tools-for-stm32/14.3.1+st.2/bin/../lib/gcc/arm-none-eabi/14.3.1/../../../../arm-none-eabi/lib/thumb/v7-m/nofp\libsupc++.a
END GROUP
LOAD CMakeFiles/interrupt.dir/Src/main.c.obj
LOAD CMakeFiles/interrupt.dir/Src/syscall.c.obj
LOAD CMakeFiles/interrupt.dir/Src/sysmem.c.obj
LOAD CMakeFiles/interrupt.dir/Src/startup_stm32f103xx.S.obj
START GROUP
LOAD C:/Users/wnwnd/AppData/Local/stm32cube/bundles/gnu-tools-for-stm32/14.3.1+st.2/bin/../lib/gcc/arm-none-eabi/14.3.1/thumb/v7-m/nofp\libgcc.a
LOAD C:/Users/wnwnd/AppData/Local/stm32cube/bundles/gnu-tools-for-stm32/14.3.1+st.2/bin/../lib/gcc/arm-none-eabi/14.3.1/../../../../arm-none-eabi/lib/thumb/v7-m/nofp\libg.a
LOAD C:/Users/wnwnd/AppData/Local/stm32cube/bundles/gnu-tools-for-stm32/14.3.1+st.2/bin/../lib/gcc/arm-none-eabi/14.3.1/../../../../arm-none-eabi/lib/thumb/v7-m/nofp\libc.a
END GROUP
START GROUP
LOAD C:/Users/wnwnd/AppData/Local/stm32cube/bundles/gnu-tools-for-stm32/14.3.1+st.2/bin/../lib/gcc/arm-none-eabi/14.3.1/thumb/v7-m/nofp\libgcc.a
LOAD C:/Users/wnwnd/AppData/Local/stm32cube/bundles/gnu-tools-for-stm32/14.3.1+st.2/bin/../lib/gcc/arm-none-eabi/14.3.1/../../../../arm-none-eabi/lib/thumb/v7-m/nofp\libc.a
LOAD C:/Users/wnwnd/AppData/Local/stm32cube/bundles/gnu-tools-for-stm32/14.3.1+st.2/bin/../lib/gcc/arm-none-eabi/14.3.1/../../../../arm-none-eabi/lib/thumb/v7-m/nofp\libnosys.a
END GROUP
LOAD C:/Users/wnwnd/AppData/Local/stm32cube/bundles/gnu-tools-for-stm32/14.3.1+st.2/bin/../lib/gcc/arm-none-eabi/14.3.1/thumb/v7-m/nofp/crtend.o
LOAD C:/Users/wnwnd/AppData/Local/stm32cube/bundles/gnu-tools-for-stm32/14.3.1+st.2/bin/../lib/gcc/arm-none-eabi/14.3.1/thumb/v7-m/nofp/crtn.o
                0x20005000                        _estack = (ORIGIN (RAM) + LENGTH (RAM))
                0x00000200                        _Min_Heap_Size = 0x200
                0x00000400                        _Min_Stack_Size = 0x400

.isr_vector     0x08000000      0x130
                0x08000000                        . = ALIGN (0x4)
 *(.isr_vector)
 .isr_vector    0x08000000      0x130 CMakeFiles/interrupt.dir/Src/startup_stm32f103xx.S.obj
                0x08000000                g_pfnVectors
                0x08000130                        . = ALIGN (0x4)

.text           0x08000130      0x550
                0x08000130                        . = ALIGN (0x4)
 *(.text)
 .text          0x08000130       0x40 C:/Users/wnwnd/AppData/Local/stm32cube/bundles/gnu-tools-for-stm32/14.3.1+st.2/bin/../lib/gcc/arm-none-eabi/14.3.1/thumb/v7-m/nofp/crtbegin.o
 *(.text*)
 .text.__libc_init_array
                0x08000170       0x50 C:/Users/wnwnd/AppData/Local/stm32cube/bundles/gnu-tools-for-stm32/14.3.1+st.2/bin/../lib/gcc/arm-none-eabi/14.3.1/../../../../arm-none-eabi/lib/thumb/v7-m/nofp\libc.a(libc_a-init.o)
                0x08000170                __libc_init_array
 .text.__retarget_lock_acquire_recursive
                0x080001c0        0x4 C:/Users/wnwnd/AppData/Local/stm32cube/bundles/gnu-tools-for-stm32/14.3.1+st.2/bin/../lib/gcc/arm-none-eabi/14.3.1/../../../../arm-none-eabi/lib/thumb/v7-m/nofp\libc.a(libc_a-lock.o)
                0x080001c0                __retarget_lock_acquire_recursive
 .text.__retarget_lock_release_recursive
                0x080001c4        0x4 C:/Users/wnwnd/AppData/Local/stm32cube/bundles/gnu-tools-for-stm32/14.3.1+st.2/bin/../lib/gcc/arm-none-eabi/14.3.1/../../../../arm-none-eabi/lib/thumb/v7-m/nofp\libc.a(libc_a-lock.o)
                0x080001c4                __retarget_lock_release_recursive
 .text.startup.register_fini
                0x080001c8       0x14 C:/Users/wnwnd/AppData/Local/stm32cube/bundles/gnu-tools-for-stm32/14.3.1+st.2/bin/../lib/gcc/arm-none-eabi/14.3.1/../../../../arm-none-eabi/lib/thumb/v7-m/nofp\libc.a(libc_a-__call_atexit.o)
 .text.atexit   0x080001dc        0xc C:/Users/wnwnd/AppData/Local/stm32cube/bundles/gnu-tools-for-stm32/14.3.1+st.2/bin/../lib/gcc/arm-none-eabi/14.3.1/../../../../arm-none-eabi/lib/thumb/v7-m/nofp\libc.a(libc_a-atexit.o)
                0x080001dc                atexit
 .text.__libc_fini_array
                0x080001e8       0x28 C:/Users/wnwnd/AppData/Local/stm32cube/bundles/gnu-tools-for-stm32/14.3.1+st.2/bin/../lib/gcc/arm-none-eabi/14.3.1/../../../../arm-none-eabi/lib/thumb/v7-m/nofp\libc.a(libc_a-fini.o)
                0x080001e8                __libc_fini_array
 .text.__register_exitproc
                0x08000210       0x80 C:/Users/wnwnd/AppData/Local/stm32cube/bundles/gnu-tools-for-stm32/14.3.1+st.2/bin/../lib/gcc/arm-none-eabi/14.3.1/../../../../arm-none-eabi/lib/thumb/v7-m/nofp\libc.a(libc_a-__atexit.o)
                0x08000210                __register_exitproc
 .text.SystemInit
                0x08000290       0x34 CMakeFiles/interrupt.dir/Src/main.c.obj
                0x08000290                SystemInit
 .text.systick_init
                0x080002c4       0x2c CMakeFiles/interrupt.dir/Src/main.c.obj
 .text.led_on   0x080002f0       0x20 CMakeFiles/interrupt.dir/Src/main.c.obj
 .text.led_off  0x08000310       0x20 CMakeFiles/interrupt.dir/Src/main.c.obj
 .text.button_is_pressed
                0x08000330       0x24 CMakeFiles/interrupt.dir/Src/main.c.obj
 .text.queue_hi_message
                0x08000354       0x1c CMakeFiles/interrupt.dir/Src/main.c.obj
 .text.sync_led_with_button
                0x08000370       0x44 CMakeFiles/interrupt.dir/Src/main.c.obj
 .text.usart2_init
                0x080003b4       0x68 CMakeFiles/interrupt.dir/Src/main.c.obj
 .text.usart2_write_char
                0x0800041c       0x30 CMakeFiles/interrupt.dir/Src/main.c.obj
 .text.usart2_write_string
                0x0800044c       0x2c CMakeFiles/interrupt.dir/Src/main.c.obj
 .text.gpio_exti_init
                0x08000478       0xdc CMakeFiles/interrupt.dir/Src/main.c.obj
 .text.take_hi_event
                0x08000554       0x34 CMakeFiles/interrupt.dir/Src/main.c.obj
 .text.SysTick_Handler
                0x08000588       0x1c CMakeFiles/interrupt.dir/Src/main.c.obj
                0x08000588                SysTick_Handler
 .text.EXTI15_10_IRQHandler
                0x080005a4       0x44 CMakeFiles/interrupt.dir/Src/main.c.obj
                0x080005a4                EXTI15_10_IRQHandler
 .text.main     0x080005e8       0x2c CMakeFiles/interrupt.dir/Src/main.c.obj
                0x080005e8                main
 .text.Reset_Handler
                0x08000614       0x50 CMakeFiles/interrupt.dir/Src/startup_stm32f103xx.S.obj
                0x08000614                Reset_Handler
 .text.Default_Handler
                0x08000664        0x2 CMakeFiles/interrupt.dir/Src/startup_stm32f103xx.S.obj
                0x08000664                EXTI2_IRQHandler
                0x08000664                TIM8_TRG_COM_IRQHandler
                0x08000664                TIM8_CC_IRQHandler
                0x08000664                DebugMon_Handler
                0x08000664                TIM1_CC_IRQHandler
                0x08000664                HardFault_Handler
                0x08000664                TIM6_IRQHandler
                0x08000664                PVD_IRQHandler
                0x08000664                SDIO_IRQHandler
                0x08000664                PendSV_Handler
                0x08000664                NMI_Handler
                0x08000664                EXTI3_IRQHandler
                0x08000664                USB_HP_CAN_TX_IRQHandler
                0x08000664                EXTI0_IRQHandler
                0x08000664                I2C2_EV_IRQHandler
                0x08000664                UsageFault_Handler
                0x08000664                ADC1_2_IRQHandler
                0x08000664                SPI1_IRQHandler
                0x08000664                CAN_SCE_IRQHandler
                0x08000664                TAMPER_IRQHandler
                0x08000664                TIM8_UP_IRQHandler
                0x08000664                DMA2_Channel2_IRQHandler
                0x08000664                DMA1_Channel4_IRQHandler
                0x08000664                USART3_IRQHandler
                0x08000664                RTC_IRQHandler
                0x08000664                DMA1_Channel7_IRQHandler
                0x08000664                UART5_IRQHandler
                0x08000664                ADC3_IRQHandler
                0x08000664                TIM4_IRQHandler
                0x08000664                CAN_RX1_IRQHandler
                0x08000664                DMA2_Channel1_IRQHandler
                0x08000664                I2C1_EV_IRQHandler
                0x08000664                DMA1_Channel6_IRQHandler
                0x08000664                UART4_IRQHandler
                0x08000664                TIM3_IRQHandler
                0x08000664                RCC_IRQHandler
                0x08000664                TIM1_TRG_COM_IRQHandler
                0x08000664                DMA1_Channel1_IRQHandler
                0x08000664                Default_Handler
                0x08000664                TIM7_IRQHandler
                0x08000664                TIM5_IRQHandler
                0x08000664                EXTI9_5_IRQHandler
                0x08000664                SPI2_IRQHandler
                0x08000664                USB_LP_CAN_RX0_IRQHandler
                0x08000664                MemManage_Handler
                0x08000664                SVC_Handler
                0x08000664                DMA1_Channel5_IRQHandler
                0x08000664                EXTI4_IRQHandler
                0x08000664                DMA1_Channel3_IRQHandler
                0x08000664                FSMC_IRQHandler
                0x08000664                TIM1_UP_IRQHandler
                0x08000664                WWDG_IRQHandler
                0x08000664                TIM2_IRQHandler
                0x08000664                TIM1_BRK_IRQHandler
                0x08000664                EXTI1_IRQHandler
                0x08000664                RTCAlarm_IRQHandler
                0x08000664                DMA2_Channel4_5_IRQHandler
                0x08000664                USART2_IRQHandler
                0x08000664                I2C2_ER_IRQHandler
                0x08000664                DMA1_Channel2_IRQHandler
                0x08000664                TIM8_BRK_IRQHandler
                0x08000664                FLASH_IRQHandler
                0x08000664                BusFault_Handler
                0x08000664                USART1_IRQHandler
                0x08000664                SPI3_IRQHandler
                0x08000664                I2C1_ER_IRQHandler
                0x08000664                DMA2_Channel3_IRQHandler
 *(.glue_7)
 .glue_7        0x08000666        0x0 linker stubs
 *(.glue_7t)
 .glue_7t       0x08000666        0x0 linker stubs
 *(.eh_frame)
 *fill*         0x08000666        0x2 
 .eh_frame      0x08000668        0x0 C:/Users/wnwnd/AppData/Local/stm32cube/bundles/gnu-tools-for-stm32/14.3.1+st.2/bin/../lib/gcc/arm-none-eabi/14.3.1/thumb/v7-m/nofp/crtbegin.o
 *(.init)
 .init          0x08000668        0x4 C:/Users/wnwnd/AppData/Local/stm32cube/bundles/gnu-tools-for-stm32/14.3.1+st.2/bin/../lib/gcc/arm-none-eabi/14.3.1/thumb/v7-m/nofp/crti.o
                0x08000668                _init
 .init          0x0800066c        0x8 C:/Users/wnwnd/AppData/Local/stm32cube/bundles/gnu-tools-for-stm32/14.3.1+st.2/bin/../lib/gcc/arm-none-eabi/14.3.1/thumb/v7-m/nofp/crtn.o
 *(.fini)
 .fini          0x08000674        0x4 C:/Users/wnwnd/AppData/Local/stm32cube/bundles/gnu-tools-for-stm32/14.3.1+st.2/bin/../lib/gcc/arm-none-eabi/14.3.1/thumb/v7-m/nofp/crti.o
                0x08000674                _fini
 .fini          0x08000678        0x8 C:/Users/wnwnd/AppData/Local/stm32cube/bundles/gnu-tools-for-stm32/14.3.1+st.2/bin/../lib/gcc/arm-none-eabi/14.3.1/thumb/v7-m/nofp/crtn.o
                0x08000680                        . = ALIGN (0x4)
                0x08000680                        _etext = .

.vfp11_veneer   0x08000680        0x0
 .vfp11_veneer  0x08000680        0x0 linker stubs

.v4_bx          0x08000680        0x0
 .v4_bx         0x08000680        0x0 linker stubs

.iplt           0x08000680        0x0
 .iplt          0x08000680        0x0 C:/Users/wnwnd/AppData/Local/stm32cube/bundles/gnu-tools-for-stm32/14.3.1+st.2/bin/../lib/gcc/arm-none-eabi/14.3.1/thumb/v7-m/nofp/crtbegin.o

.rodata         0x08000680        0x8
                0x08000680                        . = ALIGN (0x4)
 *(.rodata)
 .rodata        0x08000680        0x5 CMakeFiles/interrupt.dir/Src/main.c.obj
 *(.rodata*)
                0x08000688                        . = ALIGN (0x4)
 *fill*         0x08000685        0x3 

.ARM.extab      0x08000688        0x0
                0x08000688                        . = ALIGN (0x4)
 *(.ARM.extab* .gnu.linkonce.armextab.*)
                0x08000688                        . = ALIGN (0x4)

.ARM            0x08000688        0x0
                0x08000688                        . = ALIGN (0x4)
                0x08000688                        __exidx_start = .
 *(.ARM.exidx*)
                0x08000688                        __exidx_end = .
                0x08000688                        . = ALIGN (0x4)

.preinit_array  0x08000688        0x0
                0x08000688                        . = ALIGN (0x4)
                0x08000688                        PROVIDE (__preinit_array_start = .)
 *(.preinit_array*)
                0x08000688                        PROVIDE (__preinit_array_end = .)
                0x08000688                        . = ALIGN (0x4)

.init_array     0x08000688        0x8
                0x08000688                        . = ALIGN (0x4)
                0x08000688                        PROVIDE (__init_array_start = .)
 *(SORT_BY_NAME(.init_array.*))
 .init_array.00000
                0x08000688        0x4 C:/Users/wnwnd/AppData/Local/stm32cube/bundles/gnu-tools-for-stm32/14.3.1+st.2/bin/../lib/gcc/arm-none-eabi/14.3.1/../../../../arm-none-eabi/lib/thumb/v7-m/nofp\libc.a(libc_a-__call_atexit.o)
 *(.init_array*)
 .init_array    0x0800068c        0x4 C:/Users/wnwnd/AppData/Local/stm32cube/bundles/gnu-tools-for-stm32/14.3.1+st.2/bin/../lib/gcc/arm-none-eabi/14.3.1/thumb/v7-m/nofp/crtbegin.o
                0x08000690                        PROVIDE (__init_array_end = .)
                0x08000690                        . = ALIGN (0x4)

.fini_array     0x08000690        0x4
                0x08000690                        . = ALIGN (0x4)
                0x08000690                        PROVIDE (__fini_array_start = .)
 *(SORT_BY_NAME(.fini_array.*))
 *(.fini_array*)
 .fini_array    0x08000690        0x4 C:/Users/wnwnd/AppData/Local/stm32cube/bundles/gnu-tools-for-stm32/14.3.1+st.2/bin/../lib/gcc/arm-none-eabi/14.3.1/thumb/v7-m/nofp/crtbegin.o
                0x08000694                        PROVIDE (__fini_array_end = .)
                0x08000694                        . = ALIGN (0x4)
                0x08000694                        _sidata = LOADADDR (.data)

.rel.dyn        0x08000694        0x0
 .rel.iplt      0x08000694        0x0 C:/Users/wnwnd/AppData/Local/stm32cube/bundles/gnu-tools-for-stm32/14.3.1+st.2/bin/../lib/gcc/arm-none-eabi/14.3.1/thumb/v7-m/nofp/crtbegin.o

.data           0x20000000        0x4 load address 0x08000694
                0x20000000                        _sdata = .
 *(.data)
 *(.data*)
 .data.__atexit_recursive_mutex
                0x20000000        0x4 C:/Users/wnwnd/AppData/Local/stm32cube/bundles/gnu-tools-for-stm32/14.3.1+st.2/bin/../lib/gcc/arm-none-eabi/14.3.1/../../../../arm-none-eabi/lib/thumb/v7-m/nofp\libc.a(libc_a-__call_atexit.o)
                0x20000000                __atexit_recursive_mutex
 *(.RamFunc)
 *(.RamFunc*)
                0x20000004                        . = ALIGN (0x4)

.igot.plt       0x20000004        0x0 load address 0x08000698
 .igot.plt      0x20000004        0x0 C:/Users/wnwnd/AppData/Local/stm32cube/bundles/gnu-tools-for-stm32/14.3.1+st.2/bin/../lib/gcc/arm-none-eabi/14.3.1/thumb/v7-m/nofp/crtbegin.o

.tdata          0x20000004        0x0 load address 0x08000698
 *(.tdata .tdata.* .gnu.linkonce.td.*)
                0x20000004                        . = ALIGN (0x4)
                0x20000004                        _edata = .
                [!provide]                        PROVIDE (__data_end = .)
                [!provide]                        PROVIDE (__tdata_end = .)
                [!provide]                        PROVIDE (__tdata_start = ADDR (.tdata))
                [!provide]                        PROVIDE (__tdata_size = (__tdata_end - __tdata_start))
                [!provide]                        PROVIDE (__data_start = ADDR (.data))
                [!provide]                        PROVIDE (__data_size = (__data_end - __data_start))
                [!provide]                        PROVIDE (__tdata_source = LOADADDR (.tdata))
                [!provide]                        PROVIDE (__tdata_source_end = (LOADADDR (.tdata) + SIZEOF (.tdata)))
                [!provide]                        PROVIDE (__tdata_source_size = (__tdata_source_end - __tdata_source))
                [!provide]                        PROVIDE (__data_source = LOADADDR (.data))
                [!provide]                        PROVIDE (__data_source_end = __tdata_source_end)
                [!provide]                        PROVIDE (__data_source_size = (__data_source_end - __data_source))

.tbss           0x20000004        0x0 load address 0x08000698
                0x20000004                        _sbss = .
                0x20000004                        __bss_start__ = _sbss
                [!provide]                        PROVIDE (__bss_start = .)
 *(.tbss .tbss.*)
                0x20000004                        . = ALIGN (0x4)
                [!provide]                        PROVIDE (__tbss_end = .)
                [!provide]                        PROVIDE (__tbss_start = ADDR (.tbss))
                [!provide]                        PROVIDE (__tbss_size = (__tbss_end - __tbss_start))
                [!provide]                        PROVIDE (__tbss_offset = (ADDR (.tbss) - ADDR (.tdata)))
                [!provide]                        PROVIDE (__tls_base = __tdata_start)
                [!provide]                        PROVIDE (__tls_end = __tbss_end)
                [!provide]                        PROVIDE (__tls_size = (__tls_end - __tls_base))
                [!provide]                        PROVIDE (__tls_align = MAX (ALIGNOF (.tdata), ALIGNOF (.tbss)))
                [!provide]                        PROVIDE (__tls_size_align = (((__tls_size + __tls_align) - 0x1) & ~ ((__tls_align - 0x1))))
                [!provide]                        PROVIDE (__arm32_tls_tcb_offset = MAX (0x8, __tls_align))
                [!provide]                        PROVIDE (__arm64_tls_tcb_offset = MAX (0x10, __tls_align))

.bss            0x20000004      0x1c4 load address 0x08000698
 *(.bss)
 .bss           0x20000004       0x1c C:/Users/wnwnd/AppData/Local/stm32cube/bundles/gnu-tools-for-stm32/14.3.1+st.2/bin/../lib/gcc/arm-none-eabi/14.3.1/thumb/v7-m/nofp/crtbegin.o
 *(.bss*)
 .bss.__lock___atexit_recursive_mutex
                0x20000020        0x1 C:/Users/wnwnd/AppData/Local/stm32cube/bundles/gnu-tools-for-stm32/14.3.1+st.2/bin/../lib/gcc/arm-none-eabi/14.3.1/../../../../arm-none-eabi/lib/thumb/v7-m/nofp\libc.a(libc_a-lock.o)
                0x20000020                __lock___atexit_recursive_mutex
 *fill*         0x20000021        0x3 
 .bss.__atexit  0x20000024        0x4 C:/Users/wnwnd/AppData/Local/stm32cube/bundles/gnu-tools-for-stm32/14.3.1+st.2/bin/../lib/gcc/arm-none-eabi/14.3.1/../../../../arm-none-eabi/lib/thumb/v7-m/nofp\libc.a(libc_a-__call_atexit.o)
                0x20000024                __atexit
 .bss.__atexit0
                0x20000028      0x190 C:/Users/wnwnd/AppData/Local/stm32cube/bundles/gnu-tools-for-stm32/14.3.1+st.2/bin/../lib/gcc/arm-none-eabi/14.3.1/../../../../arm-none-eabi/lib/thumb/v7-m/nofp\libc.a(libc_a-__atexit.o)
                0x20000028                __atexit0
 .bss.system_ms
                0x200001b8        0x4 CMakeFiles/interrupt.dir/Src/main.c.obj
 .bss.hi_events
                0x200001bc        0x4 CMakeFiles/interrupt.dir/Src/main.c.obj
 .bss.last_button_ms
                0x200001c0        0x4 CMakeFiles/interrupt.dir/Src/main.c.obj
 .bss.led_is_on
                0x200001c4        0x1 CMakeFiles/interrupt.dir/Src/main.c.obj
 *(COMMON)
                0x200001c8                        . = ALIGN (0x4)
 *fill*         0x200001c5        0x3 
                0x200001c8                        _ebss = .
                0x200001c8                        __bss_end__ = _ebss
                [!provide]                        PROVIDE (__bss_end = .)
                [!provide]                        PROVIDE (__bss_size = (__bss_end - __bss_start))
                [!provide]                        PROVIDE (__non_tls_bss_start = ADDR (.bss))

._user_heap_stack
                0x200001c8      0x600 load address 0x08000698
                0x200001c8                        . = ALIGN (0x8)
                [!provide]                        PROVIDE (end = .)
                0x200001c8                        PROVIDE (_end = .)
                0x200003c8                        . = (. + _Min_Heap_Size)
 *fill*         0x200001c8      0x200 
                0x200007c8                        . = (. + _Min_Stack_Size)
 *fill*         0x200003c8      0x400 
                0x200007c8                        . = ALIGN (0x8)

/DISCARD/
 libc.a:*(*)
 libm.a:*(*)
 libgcc.a:*(*)

.ARM.attributes
                0x00000000       0x29
 *(.ARM.attributes)
 .ARM.attributes
                0x00000000       0x1d C:/Users/wnwnd/AppData/Local/stm32cube/bundles/gnu-tools-for-stm32/14.3.1+st.2/bin/../lib/gcc/arm-none-eabi/14.3.1/thumb/v7-m/nofp/crti.o
 .ARM.attributes
                0x0000001d       0x2d C:/Users/wnwnd/AppData/Local/stm32cube/bundles/gnu-tools-for-stm32/14.3.1+st.2/bin/../lib/gcc/arm-none-eabi/14.3.1/thumb/v7-m/nofp/crtbegin.o
 .ARM.attributes
                0x0000004a       0x2d C:/Users/wnwnd/AppData/Local/stm32cube/bundles/gnu-tools-for-stm32/14.3.1+st.2/bin/../lib/gcc/arm-none-eabi/14.3.1/../../../../arm-none-eabi/lib/thumb/v7-m/nofp\libc.a(libc_a-init.o)
 .ARM.attributes
                0x00000077       0x2d C:/Users/wnwnd/AppData/Local/stm32cube/bundles/gnu-tools-for-stm32/14.3.1+st.2/bin/../lib/gcc/arm-none-eabi/14.3.1/../../../../arm-none-eabi/lib/thumb/v7-m/nofp\libc.a(libc_a-lock.o)
 .ARM.attributes
                0x000000a4       0x2d C:/Users/wnwnd/AppData/Local/stm32cube/bundles/gnu-tools-for-stm32/14.3.1+st.2/bin/../lib/gcc/arm-none-eabi/14.3.1/../../../../arm-none-eabi/lib/thumb/v7-m/nofp\libc.a(libc_a-__call_atexit.o)
 .ARM.attributes
                0x000000d1       0x2d C:/Users/wnwnd/AppData/Local/stm32cube/bundles/gnu-tools-for-stm32/14.3.1+st.2/bin/../lib/gcc/arm-none-eabi/14.3.1/../../../../arm-none-eabi/lib/thumb/v7-m/nofp\libc.a(libc_a-atexit.o)
 .ARM.attributes
                0x000000fe       0x2d C:/Users/wnwnd/AppData/Local/stm32cube/bundles/gnu-tools-for-stm32/14.3.1+st.2/bin/../lib/gcc/arm-none-eabi/14.3.1/../../../../arm-none-eabi/lib/thumb/v7-m/nofp\libc.a(libc_a-fini.o)
 .ARM.attributes
                0x0000012b       0x2d C:/Users/wnwnd/AppData/Local/stm32cube/bundles/gnu-tools-for-stm32/14.3.1+st.2/bin/../lib/gcc/arm-none-eabi/14.3.1/../../../../arm-none-eabi/lib/thumb/v7-m/nofp\libc.a(libc_a-__atexit.o)
 .ARM.attributes
                0x00000158       0x2d CMakeFiles/interrupt.dir/Src/main.c.obj
 .ARM.attributes
                0x00000185       0x21 CMakeFiles/interrupt.dir/Src/startup_stm32f103xx.S.obj
 .ARM.attributes
                0x000001a6       0x1d C:/Users/wnwnd/AppData/Local/stm32cube/bundles/gnu-tools-for-stm32/14.3.1+st.2/bin/../lib/gcc/arm-none-eabi/14.3.1/thumb/v7-m/nofp/crtn.o
OUTPUT(interrupt.elf elf32-littlearm)
LOAD linker stubs

.debug_frame    0x00000000      0x394
 .debug_frame   0x00000000       0x2c C:/Users/wnwnd/AppData/Local/stm32cube/bundles/gnu-tools-for-stm32/14.3.1+st.2/bin/../lib/gcc/arm-none-eabi/14.3.1/../../../../arm-none-eabi/lib/thumb/v7-m/nofp\libc.a(libc_a-init.o)
 .debug_frame   0x0000002c       0xb0 C:/Users/wnwnd/AppData/Local/stm32cube/bundles/gnu-tools-for-stm32/14.3.1+st.2/bin/../lib/gcc/arm-none-eabi/14.3.1/../../../../arm-none-eabi/lib/thumb/v7-m/nofp\libc.a(libc_a-lock.o)
 .debug_frame   0x000000dc       0x5c C:/Users/wnwnd/AppData/Local/stm32cube/bundles/gnu-tools-for-stm32/14.3.1+st.2/bin/../lib/gcc/arm-none-eabi/14.3.1/../../../../arm-none-eabi/lib/thumb/v7-m/nofp\libc.a(libc_a-__call_atexit.o)
 .debug_frame   0x00000138       0x20 C:/Users/wnwnd/AppData/Local/stm32cube/bundles/gnu-tools-for-stm32/14.3.1+st.2/bin/../lib/gcc/arm-none-eabi/14.3.1/../../../../arm-none-eabi/lib/thumb/v7-m/nofp\libc.a(libc_a-atexit.o)
 .debug_frame   0x00000158       0x34 C:/Users/wnwnd/AppData/Local/stm32cube/bundles/gnu-tools-for-stm32/14.3.1+st.2/bin/../lib/gcc/arm-none-eabi/14.3.1/../../../../arm-none-eabi/lib/thumb/v7-m/nofp\libc.a(libc_a-fini.o)
 .debug_frame   0x0000018c       0x34 C:/Users/wnwnd/AppData/Local/stm32cube/bundles/gnu-tools-for-stm32/14.3.1+st.2/bin/../lib/gcc/arm-none-eabi/14.3.1/../../../../arm-none-eabi/lib/thumb/v7-m/nofp\libc.a(libc_a-__atexit.o)
 .debug_frame   0x000001c0      0x1d4 CMakeFiles/interrupt.dir/Src/main.c.obj

.debug_info     0x00000000      0x280
 .debug_info    0x00000000      0x250 CMakeFiles/interrupt.dir/Src/main.c.obj
 .debug_info    0x00000250       0x30 CMakeFiles/interrupt.dir/Src/startup_stm32f103xx.S.obj

.debug_abbrev   0x00000000      0x192
 .debug_abbrev  0x00000000      0x16e CMakeFiles/interrupt.dir/Src/main.c.obj
 .debug_abbrev  0x0000016e       0x24 CMakeFiles/interrupt.dir/Src/startup_stm32f103xx.S.obj

.debug_aranges  0x00000000       0xb8
 .debug_aranges
                0x00000000       0x90 CMakeFiles/interrupt.dir/Src/main.c.obj
 .debug_aranges
                0x00000090       0x28 CMakeFiles/interrupt.dir/Src/startup_stm32f103xx.S.obj

.debug_rnglists
                0x00000000       0x81
 .debug_rnglists
                0x00000000       0x68 CMakeFiles/interrupt.dir/Src/main.c.obj
 .debug_rnglists
                0x00000068       0x19 CMakeFiles/interrupt.dir/Src/startup_stm32f103xx.S.obj

.debug_macro    0x00000000     0x109c
 .debug_macro   0x00000000      0x189 CMakeFiles/interrupt.dir/Src/main.c.obj
 .debug_macro   0x00000189      0xac6 CMakeFiles/interrupt.dir/Src/main.c.obj
 .debug_macro   0x00000c4f       0x22 CMakeFiles/interrupt.dir/Src/main.c.obj
 .debug_macro   0x00000c71       0x8e CMakeFiles/interrupt.dir/Src/main.c.obj
 .debug_macro   0x00000cff       0x51 CMakeFiles/interrupt.dir/Src/main.c.obj
 .debug_macro   0x00000d50      0x103 CMakeFiles/interrupt.dir/Src/main.c.obj
 .debug_macro   0x00000e53       0x6a CMakeFiles/interrupt.dir/Src/main.c.obj
 .debug_macro   0x00000ebd      0x1df CMakeFiles/interrupt.dir/Src/main.c.obj

.debug_line     0x00000000      0x63e
 .debug_line    0x00000000      0x5c3 CMakeFiles/interrupt.dir/Src/main.c.obj
 .debug_line    0x000005c3       0x7b CMakeFiles/interrupt.dir/Src/startup_stm32f103xx.S.obj

.debug_str      0x00000000     0x43b7
 .debug_str     0x00000000     0x43b7 CMakeFiles/interrupt.dir/Src/main.c.obj
                               0x44cf (size before relaxing)
 .debug_str     0x000043b7       0x8e CMakeFiles/interrupt.dir/Src/startup_stm32f103xx.S.obj

.comment        0x00000000       0x43
 .comment       0x00000000       0x43 CMakeFiles/interrupt.dir/Src/main.c.obj
                                 0x44 (size before relaxing)

.debug_line_str
                0x00000000       0x72
 .debug_line_str
                0x00000000       0x72 CMakeFiles/interrupt.dir/Src/startup_stm32f103xx.S.obj
