C:/Users/wnwnd/Desktop/stm_/UART_DATA/Src/main.c:157:6:SystemInit	4	static
C:/Users/wnwnd/Desktop/stm_/UART_DATA/Src/main.c:162:6:SysTick_Handler	4	static
C:/Users/wnwnd/Desktop/stm_/UART_DATA/Src/main.c:167:17:millis	4	static
C:/Users/wnwnd/Desktop/stm_/UART_DATA/Src/main.c:172:16:interval_elapsed	24	static
C:/Users/wnwnd/Desktop/stm_/UART_DATA/Src/main.c:185:13:systick_init	4	static
C:/Users/wnwnd/Desktop/stm_/UART_DATA/Src/main.c:192:13:peripheral_clock_init	4	static
C:/Users/wnwnd/Desktop/stm_/UART_DATA/Src/main.c:205:13:gpio_init	4	static
C:/Users/wnwnd/Desktop/stm_/UART_DATA/Src/main.c:214:13:usart2_init	4	static
C:/Users/wnwnd/Desktop/stm_/UART_DATA/Src/main.c:223:13:uart_write_char	16	static
C:/Users/wnwnd/Desktop/stm_/UART_DATA/Src/main.c:238:5:__io_putchar	16	static
C:/Users/wnwnd/Desktop/stm_/UART_DATA/Src/main.c:244:13:uart_write_string	16	static
C:/Users/wnwnd/Desktop/stm_/UART_DATA/Src/main.c:252:13:uart_write_u32	32	static
C:/Users/wnwnd/Desktop/stm_/UART_DATA/Src/main.c:275:13:adc1_init_start	8	static
C:/Users/wnwnd/Desktop/stm_/UART_DATA/Src/main.c:293:16:adc1_init_task	8	static
C:/Users/wnwnd/Desktop/stm_/UART_DATA/Src/main.c:335:17:adc1_read_channel0	4	static
C:/Users/wnwnd/Desktop/stm_/UART_DATA/Src/main.c:349:17:adc1_read_average	16	static
C:/Users/wnwnd/Desktop/stm_/UART_DATA/Src/main.c:361:5:main	32	static
