C:/Users/wnwnd/Desktop/stm_/detectionsystem_test_/Src/main.c:200:6:SystemInit	4	static
C:/Users/wnwnd/Desktop/stm_/detectionsystem_test_/Src/main.c:205:13:timer_wait_ms	24	static,ignoring_inline_asm
C:/Users/wnwnd/Desktop/stm_/detectionsystem_test_/Src/main.c:214:17:median_filter_update	40	static
C:/Users/wnwnd/Desktop/stm_/detectionsystem_test_/Src/main.c:251:17:calculate_risk_percent	24	static
C:/Users/wnwnd/Desktop/stm_/detectionsystem_test_/Src/main.c:268:13:usart2_init	4	static
C:/Users/wnwnd/Desktop/stm_/detectionsystem_test_/Src/main.c:282:17:usart2_next_tx_index	16	static
C:/Users/wnwnd/Desktop/stm_/detectionsystem_test_/Src/main.c:292:17:usart2_tx_free_count	24	static,ignoring_inline_asm
C:/Users/wnwnd/Desktop/stm_/detectionsystem_test_/Src/main.c:312:17:usart2_write_char	24	static,ignoring_inline_asm
C:/Users/wnwnd/Desktop/stm_/detectionsystem_test_/Src/main.c:329:17:usart2_write_string	16	static
C:/Users/wnwnd/Desktop/stm_/detectionsystem_test_/Src/main.c:341:17:usart2_write_u32	32	static
C:/Users/wnwnd/Desktop/stm_/detectionsystem_test_/Src/main.c:364:6:USART2_IRQHandler	8	static
C:/Users/wnwnd/Desktop/stm_/detectionsystem_test_/Src/main.c:376:13:oled_i2c_delay	16	static,ignoring_inline_asm
C:/Users/wnwnd/Desktop/stm_/detectionsystem_test_/Src/main.c:383:13:oled_scl_high	8	static
C:/Users/wnwnd/Desktop/stm_/detectionsystem_test_/Src/main.c:389:13:oled_scl_low	8	static
C:/Users/wnwnd/Desktop/stm_/detectionsystem_test_/Src/main.c:395:13:oled_sda_high	8	static
C:/Users/wnwnd/Desktop/stm_/detectionsystem_test_/Src/main.c:401:13:oled_sda_low	8	static
C:/Users/wnwnd/Desktop/stm_/detectionsystem_test_/Src/main.c:407:13:oled_i2c_start	8	static
C:/Users/wnwnd/Desktop/stm_/detectionsystem_test_/Src/main.c:415:13:oled_i2c_stop	8	static
C:/Users/wnwnd/Desktop/stm_/detectionsystem_test_/Src/main.c:422:13:oled_i2c_recover_bus	16	static
C:/Users/wnwnd/Desktop/stm_/detectionsystem_test_/Src/main.c:434:17:oled_i2c_write_byte	24	static
C:/Users/wnwnd/Desktop/stm_/detectionsystem_test_/Src/main.c:457:17:oled_probe_address	24	static
C:/Users/wnwnd/Desktop/stm_/detectionsystem_test_/Src/main.c:468:13:oled_gpio_init	4	static
C:/Users/wnwnd/Desktop/stm_/detectionsystem_test_/Src/main.c:483:13:oled_write_commands	16	static
C:/Users/wnwnd/Desktop/stm_/detectionsystem_test_/Src/main.c:496:13:oled_write_command	16	static
C:/Users/wnwnd/Desktop/stm_/detectionsystem_test_/Src/main.c:501:13:oled_write_data	16	static
C:/Users/wnwnd/Desktop/stm_/detectionsystem_test_/Src/main.c:514:13:oled_clear_buffer	16	static
C:/Users/wnwnd/Desktop/stm_/detectionsystem_test_/Src/main.c:521:13:oled_flush_pages	24	static
C:/Users/wnwnd/Desktop/stm_/detectionsystem_test_/Src/main.c:543:13:oled_flush	8	static
C:/Users/wnwnd/Desktop/stm_/detectionsystem_test_/Src/main.c:548:13:oled_clear_status_buffer	24	static
C:/Users/wnwnd/Desktop/stm_/detectionsystem_test_/Src/main.c:558:23:oled_get_glyph	16	static
C:/Users/wnwnd/Desktop/stm_/detectionsystem_test_/Src/main.c:586:13:oled_draw_pixel	16	static
C:/Users/wnwnd/Desktop/stm_/detectionsystem_test_/Src/main.c:595:17:oled_text_width	24	static
C:/Users/wnwnd/Desktop/stm_/detectionsystem_test_/Src/main.c:611:13:oled_draw_char_scaled	48	static
C:/Users/wnwnd/Desktop/stm_/detectionsystem_test_/Src/main.c:631:13:oled_draw_text_centered	32	static
C:/Users/wnwnd/Desktop/stm_/detectionsystem_test_/Src/main.c:647:13:oled_show_status	16	static
C:/Users/wnwnd/Desktop/stm_/detectionsystem_test_/Src/main.c:654:13:oled_show_status_full	16	static
C:/Users/wnwnd/Desktop/stm_/detectionsystem_test_/Src/main.c:661:13:oled_write_ack_text	16	static
C:/Users/wnwnd/Desktop/stm_/detectionsystem_test_/Src/main.c:670:13:oled_init	24	static
C:/Users/wnwnd/Desktop/stm_/detectionsystem_test_/Src/main.c:732:13:safe_led_init	4	static
C:/Users/wnwnd/Desktop/stm_/detectionsystem_test_/Src/main.c:761:13:warning_led_d10_set	16	static
C:/Users/wnwnd/Desktop/stm_/detectionsystem_test_/Src/main.c:770:13:safe_led_set_brightness	16	static
C:/Users/wnwnd/Desktop/stm_/detectionsystem_test_/Src/main.c:779:13:safe_led_update	16	static
C:/Users/wnwnd/Desktop/stm_/detectionsystem_test_/Src/main.c:804:13:buzzer_d11_init	4	static
C:/Users/wnwnd/Desktop/stm_/detectionsystem_test_/Src/main.c:814:13:buzzer_set	16	static
C:/Users/wnwnd/Desktop/stm_/detectionsystem_test_/Src/main.c:826:13:buzzer_update	16	static
C:/Users/wnwnd/Desktop/stm_/detectionsystem_test_/Src/main.c:831:13:buzzer_timer_tick_from_isr	4	static
C:/Users/wnwnd/Desktop/stm_/detectionsystem_test_/Src/main.c:847:17:tim2_take_sample_tick	16	static,ignoring_inline_asm
C:/Users/wnwnd/Desktop/stm_/detectionsystem_test_/Src/main.c:861:17:tim2_take_display_tick	16	static,ignoring_inline_asm
C:/Users/wnwnd/Desktop/stm_/detectionsystem_test_/Src/main.c:875:13:tim2_init	4	static
C:/Users/wnwnd/Desktop/stm_/detectionsystem_test_/Src/main.c:897:13:tim2_clear_pending_work_ticks	4	static,ignoring_inline_asm
C:/Users/wnwnd/Desktop/stm_/detectionsystem_test_/Src/main.c:907:13:adc1_set_channel_sample_time	24	static
C:/Users/wnwnd/Desktop/stm_/detectionsystem_test_/Src/main.c:915:13:adc1_init	8	static
C:/Users/wnwnd/Desktop/stm_/detectionsystem_test_/Src/main.c:943:17:adc1_read_channel	16	static
C:/Users/wnwnd/Desktop/stm_/detectionsystem_test_/Src/main.c:953:20:risk_status_text	16	static
C:/Users/wnwnd/Desktop/stm_/detectionsystem_test_/Src/main.c:966:13:serial_write_risk	24	static
C:/Users/wnwnd/Desktop/stm_/detectionsystem_test_/Src/main.c:988:6:TIM2_IRQHandler	8	static
C:/Users/wnwnd/Desktop/stm_/detectionsystem_test_/Src/main.c:1020:5:main	96	static
