C:/Users/wnwnd/Desktop/stm_/pro_test_/Src/main.c:134:6:SystemInit	4	static
C:/Users/wnwnd/Desktop/stm_/pro_test_/Src/main.c:138:13:delay_cycles	16	static
C:/Users/wnwnd/Desktop/stm_/pro_test_/Src/main.c:144:13:delay_ms	16	static
C:/Users/wnwnd/Desktop/stm_/pro_test_/Src/main.c:151:13:gpio_config_pin	32	static
C:/Users/wnwnd/Desktop/stm_/pro_test_/Src/main.c:159:13:timer2_start_1ms_interrupt	4	static
C:/Users/wnwnd/Desktop/stm_/pro_test_/Src/main.c:174:13:timer_delay_ms	24	static
C:/Users/wnwnd/Desktop/stm_/pro_test_/Src/main.c:182:13:gpio_init	8	static
C:/Users/wnwnd/Desktop/stm_/pro_test_/Src/main.c:202:16:switch_raw_pressed	24	static
C:/Users/wnwnd/Desktop/stm_/pro_test_/Src/main.c:213:13:uart2_init	4	static
C:/Users/wnwnd/Desktop/stm_/pro_test_/Src/main.c:221:13:uart2_putc	16	static
C:/Users/wnwnd/Desktop/stm_/pro_test_/Src/main.c:229:13:uart2_puts	16	static
C:/Users/wnwnd/Desktop/stm_/pro_test_/Src/main.c:236:13:uart2_put_u32	32	static
C:/Users/wnwnd/Desktop/stm_/pro_test_/Src/main.c:256:13:adc_set_sample_time	24	static
C:/Users/wnwnd/Desktop/stm_/pro_test_/Src/main.c:264:13:adc1_init	8	static
C:/Users/wnwnd/Desktop/stm_/pro_test_/Src/main.c:288:17:adc1_read_channel	24	static
C:/Users/wnwnd/Desktop/stm_/pro_test_/Src/main.c:307:17:adc_to_ohm	16	static
C:/Users/wnwnd/Desktop/stm_/pro_test_/Src/main.c:312:17:isqrt_u64	64	static
C:/Users/wnwnd/Desktop/stm_/pro_test_/Src/main.c:335:17:adc_to_lux	160	static
C:/Users/wnwnd/Desktop/stm_/pro_test_/Src/main.c:369:13:print_pot_value	16	static
C:/Users/wnwnd/Desktop/stm_/pro_test_/Src/main.c:378:13:print_cds_value	16	static
C:/Users/wnwnd/Desktop/stm_/pro_test_/Src/main.c:387:16:switch_filter_update	16	static
C:/Users/wnwnd/Desktop/stm_/pro_test_/Src/main.c:406:13:switches_update_1ms	16	static
C:/Users/wnwnd/Desktop/stm_/pro_test_/Src/main.c:448:13:print_selected_values	24	static
C:/Users/wnwnd/Desktop/stm_/pro_test_/Src/main.c:470:13:i2c_delay	8	static
C:/Users/wnwnd/Desktop/stm_/pro_test_/Src/main.c:475:13:scl_high	8	static
C:/Users/wnwnd/Desktop/stm_/pro_test_/Src/main.c:481:13:scl_low	8	static
C:/Users/wnwnd/Desktop/stm_/pro_test_/Src/main.c:487:13:sda_high	8	static
C:/Users/wnwnd/Desktop/stm_/pro_test_/Src/main.c:493:13:sda_low	8	static
C:/Users/wnwnd/Desktop/stm_/pro_test_/Src/main.c:499:13:i2c_start	8	static
C:/Users/wnwnd/Desktop/stm_/pro_test_/Src/main.c:507:13:i2c_stop	8	static
C:/Users/wnwnd/Desktop/stm_/pro_test_/Src/main.c:514:16:i2c_write_byte	24	static
C:/Users/wnwnd/Desktop/stm_/pro_test_/Src/main.c:536:13:oled_command	16	static
C:/Users/wnwnd/Desktop/stm_/pro_test_/Src/main.c:545:13:oled_init	8	static
C:/Users/wnwnd/Desktop/stm_/pro_test_/Src/main.c:579:13:oled_clear_buffer	16	static
C:/Users/wnwnd/Desktop/stm_/pro_test_/Src/main.c:586:13:oled_draw_pixel	24	static
C:/Users/wnwnd/Desktop/stm_/pro_test_/Src/main.c:602:13:oled_fill_rect	32	static
C:/Users/wnwnd/Desktop/stm_/pro_test_/Src/main.c:611:13:oled_draw_status_char	24	static
C:/Users/wnwnd/Desktop/stm_/pro_test_/Src/main.c:633:13:oled_draw_status_word	24	static
C:/Users/wnwnd/Desktop/stm_/pro_test_/Src/main.c:641:13:oled_update	16	static
C:/Users/wnwnd/Desktop/stm_/pro_test_/Src/main.c:661:13:oled_show_status	16	static
C:/Users/wnwnd/Desktop/stm_/pro_test_/Src/main.c:668:13:update_oled_status_from_adc	24	static
C:/Users/wnwnd/Desktop/stm_/pro_test_/Src/main.c:683:6:TIM2_IRQHandler	8	static
C:/Users/wnwnd/Desktop/stm_/pro_test_/Src/main.c:694:5:main	16	static
